******************************************************************************
                  TI ARM Linker PC v20.2.5                     
******************************************************************************
>> Linked Fri May 27 06:54:06 2022

OUTPUT FILE NAME:   <Chess-clock.out>
ENTRY POINT SYMBOL: "_c_int00_noargs"  address: 00001aa5


MEMORY CONFIGURATION

         name            origin    length      used     unused   attr    fill
----------------------  --------  ---------  --------  --------  ----  --------
  FLASH                 00000000   00040000  00001ca2  0003e35e  R  X
  SRAM                  20000000   00008000  000004bd  00007b43  RW X


SEGMENT ALLOCATION MAP

run origin  load origin   length   init length attrs members
----------  ----------- ---------- ----------- ----- -------
00000000    00000000    00001ca8   00001ca8    r-x
  00000000    00000000    0000026c   0000026c    r-- .intvecs
  0000026c    0000026c    00001982   00001982    r-x .text
  00001bf0    00001bf0    0000006c   0000006c    r-- .const
  00001c60    00001c60    00000048   00000048    r-- .cinit
20000000    20000000    000004c4   00000000    rw-
  20000000    20000000    0000026c   00000000    rw- .vtable
  20000270    20000270    00000200   00000000    rw- .stack
  20000470    20000470    00000035   00000000    rw- .bss
  200004a8    200004a8    0000001c   00000000    rw- .data


SECTION ALLOCATION MAP

 output                                  attributes/
section   page    origin      length       input sections
--------  ----  ----------  ----------   ----------------
.intvecs   0    00000000    0000026c     
                  00000000    0000026c     tm4c123gh6pm_startup_ccs.obj (.intvecs)

.text      0    0000026c    00001982     
                  0000026c    00000c9c     main.obj (.text)
                  00000f08    00000634     lcd.obj (.text)
                  0000153c    0000016c     driverlib.lib : gpio.obj (.text:GPIOPadConfigSet)
                  000016a8    00000118                   : sysctl.obj (.text:SysCtlClockGet)
                  000017c0    000000f4                   : sysctl.obj (.text:SysCtlClockSet)
                  000018b4    0000009c     rtsv7M4_T_le_v4SPD16_eabi.lib : memcpy_t2.asm.obj (.text)
                  00001950    00000068                                   : copy_decompress_lzss.c.obj (.text:decompress:lzss:__TI_decompress_lzss)
                  000019b8    00000044                                   : autoinit.c.obj (.text:__TI_auto_init_nobinit_nopinit:__TI_auto_init_nobinit_nopinit)
                  000019fc    00000040                                   : u_divt2.asm.obj (.text)
                  00001a3c    00000034     driverlib.lib : interrupt.obj (.text:IntRegister)
                  00001a70    00000034                   : sysctl.obj (.text:SysCtlPeripheralEnable)
                  00001aa4    00000034     rtsv7M4_T_le_v4SPD16_eabi.lib : boot_cortex_m.c.obj (.text:_c_int00_noargs:_c_int00_noargs)
                  00001ad8    0000002c     driverlib.lib : gpio.obj (.text:GPIODirModeSet)
                  00001b04    0000001c                   : systick.obj (.text:SysTickIntRegister)
                  00001b20    0000001c     rtsv7M4_T_le_v4SPD16_eabi.lib : copy_zero_init.c.obj (.text:decompress:ZI:__TI_zero_init_nomemset:__TI_zero_init_nomemset)
                  00001b3c    0000001a     driverlib.lib : gpio.obj (.text:GPIOPinTypeGPIOOutput)
                  00001b56    00000016                   : gpio.obj (.text:GPIOPinTypeGPIOInput)
                  00001b6c    00000014                   : systick.obj (.text:SysTickEnable)
                  00001b80    00000014                   : systick.obj (.text:SysTickIntEnable)
                  00001b94    00000014     rtsv7M4_T_le_v4SPD16_eabi.lib : strlen.c.obj (.text:strlen)
                  00001ba8    00000010     driverlib.lib : systick.obj (.text:SysTickPeriodSet)
                  00001bb8    0000000e     rtsv7M4_T_le_v4SPD16_eabi.lib : copy_decompress_none.c.obj (.text:decompress:none:__TI_decompress_none)
                  00001bc6    0000000c     tm4c123gh6pm_startup_ccs.obj (.text)
                  00001bd2    00000006     driverlib.lib : gpio.obj (.text:GPIOPinRead)
                  00001bd8    00000006                   : gpio.obj (.text:GPIOPinWrite)
                  00001bde    00000006                   : sysctl.obj (.text:SysCtlDelay)
                  00001be4    00000004     rtsv7M4_T_le_v4SPD16_eabi.lib : pre_init.c.obj (.text:_system_pre_init)
                  00001be8    00000004                                   : exit.c.obj (.text:abort:abort)
                  00001bec    00000002                                   : div0.asm.obj (.text)

.const     0    00001bf0    0000006c     
                  00001bf0    0000006c     driverlib.lib : sysctl.obj (.const:g_pui32Xtals)

.cinit     0    00001c60    00000048     
                  00001c60    00000013     (.cinit..data.load) [load image, compression = lzss]
                  00001c73    00000001     --HOLE-- [fill = 0]
                  00001c74    0000000c     (__TI_handler_table)
                  00001c80    00000008     (.cinit..bss.load) [load image, compression = zero_init]
                  00001c88    00000008     (.cinit..vtable.load) [load image, compression = zero_init]
                  00001c90    00000018     (__TI_cinit_table)

.init_array 
*          0    00000000    00000000     UNINITIALIZED

.vtable    0    20000000    0000026c     UNINITIALIZED
                  20000000    0000026c     driverlib.lib : interrupt.obj (.vtable)

.bss       0    20000470    00000035     UNINITIALIZED
                  20000470    00000004     (.common:blinkTime)
                  20000474    00000004     (.common:hourBlack)
                  20000478    00000004     (.common:hourWhite)
                  2000047c    00000004     (.common:initBlinkTime)
                  20000480    00000004     (.common:minBlack)
                  20000484    00000004     (.common:minWhite)
                  20000488    00000004     (.common:secBlack)
                  2000048c    00000004     (.common:secWhite)
                  20000490    00000004     (.common:setInc)
                  20000494    00000004     (.common:setSecBlack)
                  20000498    00000004     (.common:setSecWhite)
                  2000049c    00000001     (.common:Button_B)
                  2000049d    00000001     (.common:Button_W)
                  2000049e    00000001     (.common:Key_D)
                  2000049f    00000001     (.common:Key_E)
                  200004a0    00000001     (.common:Key_L)
                  200004a1    00000001     (.common:Key_R)
                  200004a2    00000001     (.common:Key_U)
                  200004a3    00000001     (.common:blinkState)
                  200004a4    00000001     (.common:sidePlayer)

.data      0    200004a8    0000001c     UNINITIALIZED
                  200004a8    0000001c     main.obj (.data)

.stack     0    20000270    00000200     UNINITIALIZED
                  20000270    00000004     rtsv7M4_T_le_v4SPD16_eabi.lib : boot_cortex_m.c.obj (.stack)
                  20000274    000001fc     --HOLE--

__llvm_prf_cnts 
*          0    20000000    00000000     UNINITIALIZED

MODULE SUMMARY

       Module                         code   ro data   rw data
       ------                         ----   -------   -------
    .\
       main.obj                       3228   0         81     
       lcd.obj                        1588   0         0      
       tm4c123gh6pm_startup_ccs.obj   12     620       0      
    +--+------------------------------+------+---------+---------+
       Total:                         4828   620       81     
                                                              
    ../driverlib.lib
       sysctl.obj                     582    108       0      
       interrupt.obj                  52     0         620    
       gpio.obj                       468    0         0      
       systick.obj                    84     0         0      
    +--+------------------------------+------+---------+---------+
       Total:                         1186   108       620    
                                                              
    C:\ti\ccs1110\ccs\tools\compiler\ti-cgt-arm_20.2.5.LTS\lib\rtsv7M4_T_le_v4SPD16_eabi.lib
       memcpy_t2.asm.obj              156    0         0      
       copy_decompress_lzss.c.obj     104    0         0      
       autoinit.c.obj                 68     0         0      
       u_divt2.asm.obj                64     0         0      
       boot_cortex_m.c.obj            52     0         0      
       copy_zero_init.c.obj           28     0         0      
       strlen.c.obj                   20     0         0      
       copy_decompress_none.c.obj     14     0         0      
       exit.c.obj                     4      0         0      
       pre_init.c.obj                 4      0         0      
       div0.asm.obj                   2      0         0      
    +--+------------------------------+------+---------+---------+
       Total:                         516    0         0      
                                                              
       Stack:                         0      0         512    
       Linker Generated:              0      71        0      
    +--+------------------------------+------+---------+---------+
       Grand Total:                   6530   799       1213   


LINKER GENERATED COPY TABLES

__TI_cinit_table @ 00001c90 records: 3, size/record: 8, table size: 24
	.data: load addr=00001c60, load size=00000013 bytes, run addr=200004a8, run size=0000001c bytes, compression=lzss
	.bss: load addr=00001c80, load size=00000008 bytes, run addr=20000470, run size=00000035 bytes, compression=zero_init
	.vtable: load addr=00001c88, load size=00000008 bytes, run addr=20000000, run size=0000026c bytes, compression=zero_init


LINKER GENERATED HANDLER TABLE

__TI_handler_table @ 00001c74 records: 3, size/record: 4, table size: 12
	index: 0, handler: __TI_zero_init
	index: 1, handler: __TI_decompress_lzss
	index: 2, handler: __TI_decompress_none


GLOBAL SYMBOLS: SORTED ALPHABETICALLY BY Name 

address   name                          
-------   ----                          
2000049c  Button_B                      
2000049d  Button_W                      
00001be9  C$$EXIT                       
00001ad9  GPIODirModeSet                
0000153d  GPIOPadConfigSet              
00001bd3  GPIOPinRead                   
00001b57  GPIOPinTypeGPIOInput          
00001b3d  GPIOPinTypeGPIOOutput         
00001bd9  GPIOPinWrite                  
00001a3d  IntRegister                   
2000049e  Key_D                         
2000049f  Key_E                         
200004a0  Key_L                         
200004a1  Key_R                         
200004a2  Key_U                         
00001135  LCD_Clear                     
00000fe7  LCD_Command                   
000010f1  LCD_Cursor                    
00001189  LCD_Print                     
00001409  LCD_Print2Ln                  
000012ef  LCD_PrintJustify              
0000146d  LCD_PrintLn                   
000014b9  LCD_Printa                    
00001145  LCD_Prints                    
0000106d  LCD_Show                      
000011d9  LCD_Yaz                       
00000f09  LCD_init                      
00000277  ReadButton                    
00000469  ReadPlayerButton              
00001bc7  ResetISR                      
000016a9  SysCtlClockGet                
000017c1  SysCtlClockSet                
00001bdf  SysCtlDelay                   
00001a71  SysCtlPeripheralEnable        
00001b6d  SysTickEnable                 
00001b81  SysTickIntEnable              
0000026d  SysTickIntHandler             
00001b05  SysTickIntRegister            
00001ba9  SysTickPeriodSet              
20000470  __STACK_END                   
00000200  __STACK_SIZE                  
20000470  __STACK_TOP                   
00001c90  __TI_CINIT_Base               
00001ca8  __TI_CINIT_Limit              
00001c74  __TI_Handler_Table_Base       
00001c80  __TI_Handler_Table_Limit      
000019b9  __TI_auto_init_nobinit_nopinit
00001951  __TI_decompress_lzss          
00001bb9  __TI_decompress_none          
ffffffff  __TI_pprof_out_hndl           
ffffffff  __TI_prof_data_size           
ffffffff  __TI_prof_data_start          
00000000  __TI_static_base__            
00001b21  __TI_zero_init_nomemset       
00001bed  __aeabi_idiv0                 
00001bed  __aeabi_ldiv0                 
000018b5  __aeabi_memcpy                
000018b5  __aeabi_memcpy4               
000018b5  __aeabi_memcpy8               
000019fd  __aeabi_uidiv                 
000019fd  __aeabi_uidivmod              
ffffffff  __binit__                     
ffffffff  __c_args__                    
UNDEFED   __mpu_init                    
20000270  __stack                       
20000000  __start___llvm_prf_cnts       
20000000  __stop___llvm_prf_cnts        
00001aa5  _c_int00_noargs               
UNDEFED   _system_post_cinit            
00001be5  _system_pre_init              
00001be9  abort                         
ffffffff  binit                         
200004bc  blinkDelay                    
200004a3  blinkState                    
20000470  blinkTime                     
200004b8  cSecBlack                     
200004b4  cSecWhite                     
200004b0  cTemp                         
200004a8  countMenu                     
200004ac  exitMenu                      
20000000  g_pfnRAMVectors               
00000000  g_pfnVectors                  
20000474  hourBlack                     
20000478  hourWhite                     
00000c91  incBlack                      
00000bc1  incWhite                      
2000047c  initBlinkTime                 
00000d55  main                          
000018b5  memcpy                        
200004c0  millis                        
20000480  minBlack                      
20000484  minWhite                      
00000961  printLabels                   
000007c9  printMenu                     
00000729  printTimerBlack               
000004c5  printTimerWhite               
20000488  secBlack                      
2000048c  secWhite                      
20000490  setInc                        
20000494  setSecBlack                   
20000498  setSecWhite                   
200004a4  sidePlayer                    
00001b95  strlen                        
00000afd  timerBlack                    
00000a41  timerWhite                    


GLOBAL SYMBOLS: SORTED BY Symbol Address 

address   name                          
-------   ----                          
00000000  __TI_static_base__            
00000000  g_pfnVectors                  
00000200  __STACK_SIZE                  
0000026d  SysTickIntHandler             
00000277  ReadButton                    
00000469  ReadPlayerButton              
000004c5  printTimerWhite               
00000729  printTimerBlack               
000007c9  printMenu                     
00000961  printLabels                   
00000a41  timerWhite                    
00000afd  timerBlack                    
00000bc1  incWhite                      
00000c91  incBlack                      
00000d55  main                          
00000f09  LCD_init                      
00000fe7  LCD_Command                   
0000106d  LCD_Show                      
000010f1  LCD_Cursor                    
00001135  LCD_Clear                     
00001145  LCD_Prints                    
00001189  LCD_Print                     
000011d9  LCD_Yaz                       
000012ef  LCD_PrintJustify              
00001409  LCD_Print2Ln                  
0000146d  LCD_PrintLn                   
000014b9  LCD_Printa                    
0000153d  GPIOPadConfigSet              
000016a9  SysCtlClockGet                
000017c1  SysCtlClockSet                
000018b5  __aeabi_memcpy                
000018b5  __aeabi_memcpy4               
000018b5  __aeabi_memcpy8               
000018b5  memcpy                        
00001951  __TI_decompress_lzss          
000019b9  __TI_auto_init_nobinit_nopinit
000019fd  __aeabi_uidiv                 
000019fd  __aeabi_uidivmod              
00001a3d  IntRegister                   
00001a71  SysCtlPeripheralEnable        
00001aa5  _c_int00_noargs               
00001ad9  GPIODirModeSet                
00001b05  SysTickIntRegister            
00001b21  __TI_zero_init_nomemset       
00001b3d  GPIOPinTypeGPIOOutput         
00001b57  GPIOPinTypeGPIOInput          
00001b6d  SysTickEnable                 
00001b81  SysTickIntEnable              
00001b95  strlen                        
00001ba9  SysTickPeriodSet              
00001bb9  __TI_decompress_none          
00001bc7  ResetISR                      
00001bd3  GPIOPinRead                   
00001bd9  GPIOPinWrite                  
00001bdf  SysCtlDelay                   
00001be5  _system_pre_init              
00001be9  C$$EXIT                       
00001be9  abort                         
00001bed  __aeabi_idiv0                 
00001bed  __aeabi_ldiv0                 
00001c74  __TI_Handler_Table_Base       
00001c80  __TI_Handler_Table_Limit      
00001c90  __TI_CINIT_Base               
00001ca8  __TI_CINIT_Limit              
20000000  __start___llvm_prf_cnts       
20000000  __stop___llvm_prf_cnts        
20000000  g_pfnRAMVectors               
20000270  __stack                       
20000470  __STACK_END                   
20000470  __STACK_TOP                   
20000470  blinkTime                     
20000474  hourBlack                     
20000478  hourWhite                     
2000047c  initBlinkTime                 
20000480  minBlack                      
20000484  minWhite                      
20000488  secBlack                      
2000048c  secWhite                      
20000490  setInc                        
20000494  setSecBlack                   
20000498  setSecWhite                   
2000049c  Button_B                      
2000049d  Button_W                      
2000049e  Key_D                         
2000049f  Key_E                         
200004a0  Key_L                         
200004a1  Key_R                         
200004a2  Key_U                         
200004a3  blinkState                    
200004a4  sidePlayer                    
200004a8  countMenu                     
200004ac  exitMenu                      
200004b0  cTemp                         
200004b4  cSecWhite                     
200004b8  cSecBlack                     
200004bc  blinkDelay                    
200004c0  millis                        
ffffffff  __TI_pprof_out_hndl           
ffffffff  __TI_prof_data_size           
ffffffff  __TI_prof_data_start          
ffffffff  __binit__                     
ffffffff  __c_args__                    
ffffffff  binit                         
UNDEFED   __mpu_init                    
UNDEFED   _system_post_cinit            

[105 symbols]
