<?xml version="1.0" encoding="ISO-8859-1" ?>
<link_info>
   <banner>TI ARM Linker PC v20.2.5.LTS</banner>
   <copyright>Copyright (c) 1996-2018 Texas Instruments Incorporated</copyright>
   <link_time>0x6290131e</link_time>
   <link_errors>0x0</link_errors>
   <output_file>Chess-clock.out</output_file>
   <entry_point>
      <name>_c_int00_noargs</name>
      <address>0x1aa5</address>
   </entry_point>
   <input_file_list>
      <input_file id="fl-2">
         <path>.\</path>
         <kind>object</kind>
         <file>lcd.obj</file>
         <name>lcd.obj</name>
      </input_file>
      <input_file id="fl-3">
         <path>.\</path>
         <kind>object</kind>
         <file>main.obj</file>
         <name>main.obj</name>
      </input_file>
      <input_file id="fl-4">
         <path>.\</path>
         <kind>object</kind>
         <file>tm4c123gh6pm_startup_ccs.obj</file>
         <name>tm4c123gh6pm_startup_ccs.obj</name>
      </input_file>
      <input_file id="fl-9">
         <kind>object</kind>
         <file>&lt;internal&gt;</file>
         <name>&lt;internal&gt;</name>
      </input_file>
      <input_file id="fl-a">
         <path>..\</path>
         <kind>archive</kind>
         <file>driverlib.lib</file>
         <name>gpio.obj</name>
      </input_file>
      <input_file id="fl-b">
         <path>..\</path>
         <kind>archive</kind>
         <file>driverlib.lib</file>
         <name>interrupt.obj</name>
      </input_file>
      <input_file id="fl-c">
         <path>..\</path>
         <kind>archive</kind>
         <file>driverlib.lib</file>
         <name>sysctl.obj</name>
      </input_file>
      <input_file id="fl-d">
         <path>..\</path>
         <kind>archive</kind>
         <file>driverlib.lib</file>
         <name>systick.obj</name>
      </input_file>
      <input_file id="fl-e">
         <path>..\</path>
         <kind>archive</kind>
         <file>driverlib.lib</file>
         <name>cpu.obj</name>
      </input_file>
      <input_file id="fl-c4">
         <path>C:\ti\ccs1110\ccs\tools\compiler\ti-cgt-arm_20.2.5.LTS\lib\</path>
         <kind>archive</kind>
         <file>rtsv7M4_T_le_v4SPD16_eabi.lib</file>
         <name>u_divt2.asm.obj</name>
      </input_file>
      <input_file id="fl-c5">
         <path>C:\ti\ccs1110\ccs\tools\compiler\ti-cgt-arm_20.2.5.LTS\lib\</path>
         <kind>archive</kind>
         <file>rtsv7M4_T_le_v4SPD16_eabi.lib</file>
         <name>copy_zero_init.c.obj</name>
      </input_file>
      <input_file id="fl-c6">
         <path>C:\ti\ccs1110\ccs\tools\compiler\ti-cgt-arm_20.2.5.LTS\lib\</path>
         <kind>archive</kind>
         <file>rtsv7M4_T_le_v4SPD16_eabi.lib</file>
         <name>copy_decompress_none.c.obj</name>
      </input_file>
      <input_file id="fl-c7">
         <path>C:\ti\ccs1110\ccs\tools\compiler\ti-cgt-arm_20.2.5.LTS\lib\</path>
         <kind>archive</kind>
         <file>rtsv7M4_T_le_v4SPD16_eabi.lib</file>
         <name>copy_decompress_lzss.c.obj</name>
      </input_file>
      <input_file id="fl-c8">
         <path>C:\ti\ccs1110\ccs\tools\compiler\ti-cgt-arm_20.2.5.LTS\lib\</path>
         <kind>archive</kind>
         <file>rtsv7M4_T_le_v4SPD16_eabi.lib</file>
         <name>strlen.c.obj</name>
      </input_file>
      <input_file id="fl-c9">
         <path>C:\ti\ccs1110\ccs\tools\compiler\ti-cgt-arm_20.2.5.LTS\lib\</path>
         <kind>archive</kind>
         <file>rtsv7M4_T_le_v4SPD16_eabi.lib</file>
         <name>boot_cortex_m.c.obj</name>
      </input_file>
      <input_file id="fl-ca">
         <path>C:\ti\ccs1110\ccs\tools\compiler\ti-cgt-arm_20.2.5.LTS\lib\</path>
         <kind>archive</kind>
         <file>rtsv7M4_T_le_v4SPD16_eabi.lib</file>
         <name>div0.asm.obj</name>
      </input_file>
      <input_file id="fl-cb">
         <path>C:\ti\ccs1110\ccs\tools\compiler\ti-cgt-arm_20.2.5.LTS\lib\</path>
         <kind>archive</kind>
         <file>rtsv7M4_T_le_v4SPD16_eabi.lib</file>
         <name>memcpy_t2.asm.obj</name>
      </input_file>
      <input_file id="fl-cc">
         <path>C:\ti\ccs1110\ccs\tools\compiler\ti-cgt-arm_20.2.5.LTS\lib\</path>
         <kind>archive</kind>
         <file>rtsv7M4_T_le_v4SPD16_eabi.lib</file>
         <name>memset_t2.asm.obj</name>
      </input_file>
      <input_file id="fl-cd">
         <path>C:\ti\ccs1110\ccs\tools\compiler\ti-cgt-arm_20.2.5.LTS\lib\</path>
         <kind>archive</kind>
         <file>rtsv7M4_T_le_v4SPD16_eabi.lib</file>
         <name>autoinit.c.obj</name>
      </input_file>
      <input_file id="fl-ce">
         <path>C:\ti\ccs1110\ccs\tools\compiler\ti-cgt-arm_20.2.5.LTS\lib\</path>
         <kind>archive</kind>
         <file>rtsv7M4_T_le_v4SPD16_eabi.lib</file>
         <name>pre_init.c.obj</name>
      </input_file>
      <input_file id="fl-cf">
         <path>C:\ti\ccs1110\ccs\tools\compiler\ti-cgt-arm_20.2.5.LTS\lib\</path>
         <kind>archive</kind>
         <file>rtsv7M4_T_le_v4SPD16_eabi.lib</file>
         <name>cpy_tbl.c.obj</name>
      </input_file>
      <input_file id="fl-d0">
         <path>C:\ti\ccs1110\ccs\tools\compiler\ti-cgt-arm_20.2.5.LTS\lib\</path>
         <kind>archive</kind>
         <file>rtsv7M4_T_le_v4SPD16_eabi.lib</file>
         <name>exit.c.obj</name>
      </input_file>
      <input_file id="fl-d1">
         <path>C:\ti\ccs1110\ccs\tools\compiler\ti-cgt-arm_20.2.5.LTS\lib\</path>
         <kind>archive</kind>
         <file>rtsv7M4_T_le_v4SPD16_eabi.lib</file>
         <name>_lock.c.obj</name>
      </input_file>
      <input_file id="fl-d2">
         <path>C:\ti\ccs1110\ccs\tools\compiler\ti-cgt-arm_20.2.5.LTS\lib\</path>
         <kind>archive</kind>
         <file>rtsv7M4_T_le_v4SPD16_eabi.lib</file>
         <name>args_main.c.obj</name>
      </input_file>
   </input_file_list>
   <object_component_list>
      <object_component id="oc-12">
         <name>.intvecs</name>
         <load_address>0x0</load_address>
         <run_address>0x0</run_address>
         <size>0x26c</size>
         <input_file_ref idref="fl-4"/>
      </object_component>
      <object_component id="oc-9b">
         <name>.text</name>
         <load_address>0x26c</load_address>
         <run_address>0x26c</run_address>
         <size>0xc9c</size>
         <input_file_ref idref="fl-3"/>
      </object_component>
      <object_component id="oc-df">
         <name>.text</name>
         <load_address>0xf08</load_address>
         <run_address>0xf08</run_address>
         <size>0x634</size>
         <input_file_ref idref="fl-2"/>
      </object_component>
      <object_component id="oc-171">
         <name>.text:GPIOPadConfigSet</name>
         <load_address>0x153c</load_address>
         <run_address>0x153c</run_address>
         <size>0x16c</size>
         <input_file_ref idref="fl-a"/>
      </object_component>
      <object_component id="oc-f2">
         <name>.text:SysCtlClockGet</name>
         <load_address>0x16a8</load_address>
         <run_address>0x16a8</run_address>
         <size>0x118</size>
         <input_file_ref idref="fl-c"/>
      </object_component>
      <object_component id="oc-fb">
         <name>.text:SysCtlClockSet</name>
         <load_address>0x17c0</load_address>
         <run_address>0x17c0</run_address>
         <size>0xf4</size>
         <input_file_ref idref="fl-c"/>
      </object_component>
      <object_component id="oc-3b">
         <name>.text</name>
         <load_address>0x18b4</load_address>
         <run_address>0x18b4</run_address>
         <size>0x9c</size>
         <input_file_ref idref="fl-cb"/>
      </object_component>
      <object_component id="oc-15">
         <name>.text:decompress:lzss:__TI_decompress_lzss</name>
         <load_address>0x1950</load_address>
         <run_address>0x1950</run_address>
         <size>0x68</size>
         <input_file_ref idref="fl-c7"/>
      </object_component>
      <object_component id="oc-12b">
         <name>.text:__TI_auto_init_nobinit_nopinit:__TI_auto_init_nobinit_nopinit</name>
         <load_address>0x19b8</load_address>
         <run_address>0x19b8</run_address>
         <size>0x44</size>
         <input_file_ref idref="fl-cd"/>
      </object_component>
      <object_component id="oc-18e">
         <name>.text</name>
         <load_address>0x19fc</load_address>
         <run_address>0x19fc</run_address>
         <size>0x40</size>
         <input_file_ref idref="fl-c4"/>
      </object_component>
      <object_component id="oc-19d">
         <name>.text:IntRegister</name>
         <load_address>0x1a3c</load_address>
         <run_address>0x1a3c</run_address>
         <size>0x34</size>
         <input_file_ref idref="fl-b"/>
      </object_component>
      <object_component id="oc-c3">
         <name>.text:SysCtlPeripheralEnable</name>
         <load_address>0x1a70</load_address>
         <run_address>0x1a70</run_address>
         <size>0x34</size>
         <input_file_ref idref="fl-c"/>
      </object_component>
      <object_component id="oc-59">
         <name>.text:_c_int00_noargs:_c_int00_noargs</name>
         <load_address>0x1aa4</load_address>
         <run_address>0x1aa4</run_address>
         <size>0x34</size>
         <input_file_ref idref="fl-c9"/>
      </object_component>
      <object_component id="oc-16b">
         <name>.text:GPIODirModeSet</name>
         <load_address>0x1ad8</load_address>
         <run_address>0x1ad8</run_address>
         <size>0x2c</size>
         <input_file_ref idref="fl-a"/>
      </object_component>
      <object_component id="oc-107">
         <name>.text:SysTickIntRegister</name>
         <load_address>0x1b04</load_address>
         <run_address>0x1b04</run_address>
         <size>0x1c</size>
         <input_file_ref idref="fl-d"/>
      </object_component>
      <object_component id="oc-47">
         <name>.text:decompress:ZI:__TI_zero_init_nomemset:__TI_zero_init_nomemset</name>
         <load_address>0x1b20</load_address>
         <run_address>0x1b20</run_address>
         <size>0x1c</size>
         <input_file_ref idref="fl-c5"/>
      </object_component>
      <object_component id="oc-17c">
         <name>.text:GPIOPinTypeGPIOOutput</name>
         <load_address>0x1b3c</load_address>
         <run_address>0x1b3c</run_address>
         <size>0x1a</size>
         <input_file_ref idref="fl-a"/>
      </object_component>
      <object_component id="oc-c9">
         <name>.text:GPIOPinTypeGPIOInput</name>
         <load_address>0x1b56</load_address>
         <run_address>0x1b56</run_address>
         <size>0x16</size>
         <input_file_ref idref="fl-a"/>
      </object_component>
      <object_component id="oc-113">
         <name>.text:SysTickEnable</name>
         <load_address>0x1b6c</load_address>
         <run_address>0x1b6c</run_address>
         <size>0x14</size>
         <input_file_ref idref="fl-d"/>
      </object_component>
      <object_component id="oc-10d">
         <name>.text:SysTickIntEnable</name>
         <load_address>0x1b80</load_address>
         <run_address>0x1b80</run_address>
         <size>0x14</size>
         <input_file_ref idref="fl-d"/>
      </object_component>
      <object_component id="oc-188">
         <name>.text:strlen</name>
         <load_address>0x1b94</load_address>
         <run_address>0x1b94</run_address>
         <size>0x14</size>
         <input_file_ref idref="fl-c8"/>
      </object_component>
      <object_component id="oc-101">
         <name>.text:SysTickPeriodSet</name>
         <load_address>0x1ba8</load_address>
         <run_address>0x1ba8</run_address>
         <size>0x10</size>
         <input_file_ref idref="fl-d"/>
      </object_component>
      <object_component id="oc-1b">
         <name>.text:decompress:none:__TI_decompress_none</name>
         <load_address>0x1bb8</load_address>
         <run_address>0x1bb8</run_address>
         <size>0xe</size>
         <input_file_ref idref="fl-c6"/>
      </object_component>
      <object_component id="oc-27">
         <name>.text</name>
         <load_address>0x1bc6</load_address>
         <run_address>0x1bc6</run_address>
         <size>0xc</size>
         <input_file_ref idref="fl-4"/>
      </object_component>
      <object_component id="oc-cf">
         <name>.text:GPIOPinRead</name>
         <load_address>0x1bd2</load_address>
         <run_address>0x1bd2</run_address>
         <size>0x6</size>
         <input_file_ref idref="fl-a"/>
      </object_component>
      <object_component id="oc-182">
         <name>.text:GPIOPinWrite</name>
         <load_address>0x1bd8</load_address>
         <run_address>0x1bd8</run_address>
         <size>0x6</size>
         <input_file_ref idref="fl-a"/>
      </object_component>
      <object_component id="oc-f8">
         <name>.text:SysCtlDelay</name>
         <load_address>0x1bde</load_address>
         <run_address>0x1bde</run_address>
         <size>0x6</size>
         <input_file_ref idref="fl-c"/>
      </object_component>
      <object_component id="oc-95">
         <name>.text:_system_pre_init</name>
         <load_address>0x1be4</load_address>
         <run_address>0x1be4</run_address>
         <size>0x4</size>
         <input_file_ref idref="fl-ce"/>
      </object_component>
      <object_component id="oc-11f">
         <name>.text:abort:abort</name>
         <load_address>0x1be8</load_address>
         <run_address>0x1be8</run_address>
         <size>0x4</size>
         <input_file_ref idref="fl-d0"/>
      </object_component>
      <object_component id="oc-1e3">
         <name>.text</name>
         <load_address>0x1bec</load_address>
         <run_address>0x1bec</run_address>
         <size>0x2</size>
         <input_file_ref idref="fl-ca"/>
      </object_component>
      <object_component id="oc-196">
         <name>.const:g_pui32Xtals</name>
         <load_address>0x1bf0</load_address>
         <run_address>0x1bf0</run_address>
         <size>0x6c</size>
         <input_file_ref idref="fl-c"/>
      </object_component>
      <object_component id="oc-255">
         <name>.cinit..data.load</name>
         <load_address>0x1c60</load_address>
         <run_address>0x1c60</run_address>
         <size>0x13</size>
      </object_component>
      <object_component id="oc-252">
         <name>__TI_handler_table</name>
         <load_address>0x1c74</load_address>
         <run_address>0x1c74</run_address>
         <size>0xc</size>
      </object_component>
      <object_component id="oc-256">
         <name>.cinit..bss.load</name>
         <load_address>0x1c80</load_address>
         <run_address>0x1c80</run_address>
         <size>0x8</size>
      </object_component>
      <object_component id="oc-254">
         <name>.cinit..vtable.load</name>
         <load_address>0x1c88</load_address>
         <run_address>0x1c88</run_address>
         <size>0x8</size>
      </object_component>
      <object_component id="oc-253">
         <name>__TI_cinit_table</name>
         <load_address>0x1c90</load_address>
         <run_address>0x1c90</run_address>
         <size>0x18</size>
      </object_component>
      <object_component id="oc-1ed">
         <name>.vtable</name>
         <uninitialized>true</uninitialized>
         <run_address>0x20000000</run_address>
         <size>0x26c</size>
         <input_file_ref idref="fl-b"/>
      </object_component>
      <object_component id="oc-e5">
         <name>.data</name>
         <load_address>0x200004a8</load_address>
         <run_address>0x200004a8</run_address>
         <size>0x1c</size>
         <input_file_ref idref="fl-3"/>
      </object_component>
      <object_component id="oc-de">
         <name>.common:sidePlayer</name>
         <uninitialized>true</uninitialized>
         <run_address>0x200004a4</run_address>
         <size>0x1</size>
      </object_component>
      <object_component id="oc-d5">
         <name>.common:Key_R</name>
         <uninitialized>true</uninitialized>
         <run_address>0x200004a1</run_address>
         <size>0x1</size>
      </object_component>
      <object_component id="oc-d8">
         <name>.common:Key_U</name>
         <uninitialized>true</uninitialized>
         <run_address>0x200004a2</run_address>
         <size>0x1</size>
      </object_component>
      <object_component id="oc-d9">
         <name>.common:Key_D</name>
         <uninitialized>true</uninitialized>
         <run_address>0x2000049e</run_address>
         <size>0x1</size>
      </object_component>
      <object_component id="oc-da">
         <name>.common:Key_L</name>
         <uninitialized>true</uninitialized>
         <run_address>0x200004a0</run_address>
         <size>0x1</size>
      </object_component>
      <object_component id="oc-db">
         <name>.common:Key_E</name>
         <uninitialized>true</uninitialized>
         <run_address>0x2000049f</run_address>
         <size>0x1</size>
      </object_component>
      <object_component id="oc-ea">
         <name>.common:Button_W</name>
         <uninitialized>true</uninitialized>
         <run_address>0x2000049d</run_address>
         <size>0x1</size>
      </object_component>
      <object_component id="oc-eb">
         <name>.common:Button_B</name>
         <uninitialized>true</uninitialized>
         <run_address>0x2000049c</run_address>
         <size>0x1</size>
      </object_component>
      <object_component id="oc-ee">
         <name>.common:blinkState</name>
         <uninitialized>true</uninitialized>
         <run_address>0x200004a3</run_address>
         <size>0x1</size>
      </object_component>
      <object_component id="oc-f9">
         <name>.common:setSecWhite</name>
         <uninitialized>true</uninitialized>
         <run_address>0x20000498</run_address>
         <size>0x4</size>
      </object_component>
      <object_component id="oc-e8">
         <name>.common:hourWhite</name>
         <uninitialized>true</uninitialized>
         <run_address>0x20000478</run_address>
         <size>0x4</size>
      </object_component>
      <object_component id="oc-e9">
         <name>.common:minWhite</name>
         <uninitialized>true</uninitialized>
         <run_address>0x20000484</run_address>
         <size>0x4</size>
      </object_component>
      <object_component id="oc-dc">
         <name>.common:secWhite</name>
         <uninitialized>true</uninitialized>
         <run_address>0x2000048c</run_address>
         <size>0x4</size>
      </object_component>
      <object_component id="oc-fa">
         <name>.common:setSecBlack</name>
         <uninitialized>true</uninitialized>
         <run_address>0x20000494</run_address>
         <size>0x4</size>
      </object_component>
      <object_component id="oc-ef">
         <name>.common:hourBlack</name>
         <uninitialized>true</uninitialized>
         <run_address>0x20000474</run_address>
         <size>0x4</size>
      </object_component>
      <object_component id="oc-f0">
         <name>.common:minBlack</name>
         <uninitialized>true</uninitialized>
         <run_address>0x20000480</run_address>
         <size>0x4</size>
      </object_component>
      <object_component id="oc-f1">
         <name>.common:secBlack</name>
         <uninitialized>true</uninitialized>
         <run_address>0x20000488</run_address>
         <size>0x4</size>
      </object_component>
      <object_component id="oc-dd">
         <name>.common:setInc</name>
         <uninitialized>true</uninitialized>
         <run_address>0x20000490</run_address>
         <size>0x4</size>
      </object_component>
      <object_component id="oc-ec">
         <name>.common:blinkTime</name>
         <uninitialized>true</uninitialized>
         <run_address>0x20000470</run_address>
         <size>0x4</size>
      </object_component>
      <object_component id="oc-ed">
         <name>.common:initBlinkTime</name>
         <uninitialized>true</uninitialized>
         <run_address>0x2000047c</run_address>
         <size>0x4</size>
      </object_component>
      <object_component id="oc-24">
         <name>.stack</name>
         <uninitialized>true</uninitialized>
         <run_address>0x20000270</run_address>
         <size>0x4</size>
         <input_file_ref idref="fl-c9"/>
      </object_component>
      <object_component id="oc-258">
         <name>.stack</name>
         <uninitialized>true</uninitialized>
         <run_address>0x20000270</run_address>
         <size>0x0</size>
      </object_component>
      <object_component id="oc-b2">
         <name>.debug_info</name>
         <load_address>0x0</load_address>
         <run_address>0x0</run_address>
         <size>0x37f</size>
         <input_file_ref idref="fl-2"/>
      </object_component>
      <object_component id="oc-e3">
         <name>.debug_info</name>
         <load_address>0x37f</load_address>
         <run_address>0x37f</run_address>
         <size>0xddf</size>
         <input_file_ref idref="fl-2"/>
      </object_component>
      <object_component id="oc-70">
         <name>.debug_info</name>
         <load_address>0x115e</load_address>
         <run_address>0x115e</run_address>
         <size>0x26b</size>
         <input_file_ref idref="fl-2"/>
      </object_component>
      <object_component id="oc-36">
         <name>.debug_info</name>
         <load_address>0x13c9</load_address>
         <run_address>0x13c9</run_address>
         <size>0x84</size>
         <input_file_ref idref="fl-2"/>
      </object_component>
      <object_component id="oc-ad">
         <name>.debug_info</name>
         <load_address>0x144d</load_address>
         <run_address>0x144d</run_address>
         <size>0x2a4</size>
         <input_file_ref idref="fl-2"/>
      </object_component>
      <object_component id="oc-75">
         <name>.debug_info</name>
         <load_address>0x16f1</load_address>
         <run_address>0x16f1</run_address>
         <size>0xbb</size>
         <input_file_ref idref="fl-2"/>
      </object_component>
      <object_component id="oc-ba">
         <name>.debug_info</name>
         <load_address>0x17ac</load_address>
         <run_address>0x17ac</run_address>
         <size>0x2c</size>
         <input_file_ref idref="fl-2"/>
      </object_component>
      <object_component id="oc-15f">
         <name>.debug_info</name>
         <load_address>0x17d8</load_address>
         <run_address>0x17d8</run_address>
         <size>0x35</size>
         <input_file_ref idref="fl-2"/>
      </object_component>
      <object_component id="oc-d6">
         <name>.debug_info</name>
         <load_address>0x180d</load_address>
         <run_address>0x180d</run_address>
         <size>0x852</size>
         <input_file_ref idref="fl-3"/>
      </object_component>
      <object_component id="oc-e6">
         <name>.debug_info</name>
         <load_address>0x205f</load_address>
         <run_address>0x205f</run_address>
         <size>0x1a5</size>
         <input_file_ref idref="fl-3"/>
      </object_component>
      <object_component id="oc-9d">
         <name>.debug_info</name>
         <load_address>0x2204</load_address>
         <run_address>0x2204</run_address>
         <size>0xc16</size>
         <input_file_ref idref="fl-3"/>
      </object_component>
      <object_component id="oc-11a">
         <name>.debug_info</name>
         <load_address>0x2e1a</load_address>
         <run_address>0x2e1a</run_address>
         <size>0x8b</size>
         <input_file_ref idref="fl-3"/>
      </object_component>
      <object_component id="oc-2f">
         <name>.debug_info</name>
         <load_address>0x2ea5</load_address>
         <run_address>0x2ea5</run_address>
         <size>0x2bc</size>
         <input_file_ref idref="fl-4"/>
      </object_component>
      <object_component id="oc-13">
         <name>.debug_info</name>
         <load_address>0x3161</load_address>
         <run_address>0x3161</run_address>
         <size>0xfb</size>
         <input_file_ref idref="fl-4"/>
      </object_component>
      <object_component id="oc-28">
         <name>.debug_info</name>
         <load_address>0x325c</load_address>
         <run_address>0x325c</run_address>
         <size>0x277</size>
         <input_file_ref idref="fl-4"/>
      </object_component>
      <object_component id="oc-178">
         <name>.debug_info</name>
         <load_address>0x34d3</load_address>
         <run_address>0x34d3</run_address>
         <size>0x3e4</size>
         <input_file_ref idref="fl-a"/>
      </object_component>
      <object_component id="oc-183">
         <name>.debug_info</name>
         <load_address>0x38b7</load_address>
         <run_address>0x38b7</run_address>
         <size>0x2ac</size>
         <input_file_ref idref="fl-a"/>
      </object_component>
      <object_component id="oc-16c">
         <name>.debug_info</name>
         <load_address>0x3b63</load_address>
         <run_address>0x3b63</run_address>
         <size>0x2bc</size>
         <input_file_ref idref="fl-a"/>
      </object_component>
      <object_component id="oc-172">
         <name>.debug_info</name>
         <load_address>0x3e1f</load_address>
         <run_address>0x3e1f</run_address>
         <size>0x31f</size>
         <input_file_ref idref="fl-a"/>
      </object_component>
      <object_component id="oc-17d">
         <name>.debug_info</name>
         <load_address>0x413e</load_address>
         <run_address>0x413e</run_address>
         <size>0x2c0</size>
         <input_file_ref idref="fl-a"/>
      </object_component>
      <object_component id="oc-ca">
         <name>.debug_info</name>
         <load_address>0x43fe</load_address>
         <run_address>0x43fe</run_address>
         <size>0x2a5</size>
         <input_file_ref idref="fl-a"/>
      </object_component>
      <object_component id="oc-d0">
         <name>.debug_info</name>
         <load_address>0x46a3</load_address>
         <run_address>0x46a3</run_address>
         <size>0x284</size>
         <input_file_ref idref="fl-a"/>
      </object_component>
      <object_component id="oc-1d6">
         <name>.debug_info</name>
         <load_address>0x4927</load_address>
         <run_address>0x4927</run_address>
         <size>0x26b</size>
         <input_file_ref idref="fl-a"/>
      </object_component>
      <object_component id="oc-1c6">
         <name>.debug_info</name>
         <load_address>0x4b92</load_address>
         <run_address>0x4b92</run_address>
         <size>0x297</size>
         <input_file_ref idref="fl-a"/>
      </object_component>
      <object_component id="oc-1d1">
         <name>.debug_info</name>
         <load_address>0x4e29</load_address>
         <run_address>0x4e29</run_address>
         <size>0xef</size>
         <input_file_ref idref="fl-a"/>
      </object_component>
      <object_component id="oc-165">
         <name>.debug_info</name>
         <load_address>0x4f18</load_address>
         <run_address>0x4f18</run_address>
         <size>0xbb</size>
         <input_file_ref idref="fl-a"/>
      </object_component>
      <object_component id="oc-1f1">
         <name>.debug_info</name>
         <load_address>0x4fd3</load_address>
         <run_address>0x4fd3</run_address>
         <size>0x3b7</size>
         <input_file_ref idref="fl-b"/>
      </object_component>
      <object_component id="oc-1ee">
         <name>.debug_info</name>
         <load_address>0x538a</load_address>
         <run_address>0x538a</run_address>
         <size>0x160</size>
         <input_file_ref idref="fl-b"/>
      </object_component>
      <object_component id="oc-19f">
         <name>.debug_info</name>
         <load_address>0x54ea</load_address>
         <run_address>0x54ea</run_address>
         <size>0x2ca</size>
         <input_file_ref idref="fl-b"/>
      </object_component>
      <object_component id="oc-16a">
         <name>.debug_info</name>
         <load_address>0x57b4</load_address>
         <run_address>0x57b4</run_address>
         <size>0x441</size>
         <input_file_ref idref="fl-c"/>
      </object_component>
      <object_component id="oc-197">
         <name>.debug_info</name>
         <load_address>0x5bf5</load_address>
         <run_address>0x5bf5</run_address>
         <size>0x156</size>
         <input_file_ref idref="fl-c"/>
      </object_component>
      <object_component id="oc-c5">
         <name>.debug_info</name>
         <load_address>0x5d4b</load_address>
         <run_address>0x5d4b</run_address>
         <size>0x286</size>
         <input_file_ref idref="fl-c"/>
      </object_component>
      <object_component id="oc-fd">
         <name>.debug_info</name>
         <load_address>0x5fd1</load_address>
         <run_address>0x5fd1</run_address>
         <size>0x2e4</size>
         <input_file_ref idref="fl-c"/>
      </object_component>
      <object_component id="oc-f4">
         <name>.debug_info</name>
         <load_address>0x62b5</load_address>
         <run_address>0x62b5</run_address>
         <size>0x2be</size>
         <input_file_ref idref="fl-c"/>
      </object_component>
      <object_component id="oc-1cd">
         <name>.debug_info</name>
         <load_address>0x6573</load_address>
         <run_address>0x6573</run_address>
         <size>0x51</size>
         <input_file_ref idref="fl-c"/>
      </object_component>
      <object_component id="oc-19c">
         <name>.debug_info</name>
         <load_address>0x65c4</load_address>
         <run_address>0x65c4</run_address>
         <size>0x346</size>
         <input_file_ref idref="fl-d"/>
      </object_component>
      <object_component id="oc-102">
         <name>.debug_info</name>
         <load_address>0x690a</load_address>
         <run_address>0x690a</run_address>
         <size>0x26a</size>
         <input_file_ref idref="fl-d"/>
      </object_component>
      <object_component id="oc-109">
         <name>.debug_info</name>
         <load_address>0x6b74</load_address>
         <run_address>0x6b74</run_address>
         <size>0x280</size>
         <input_file_ref idref="fl-d"/>
      </object_component>
      <object_component id="oc-110">
         <name>.debug_info</name>
         <load_address>0x6df4</load_address>
         <run_address>0x6df4</run_address>
         <size>0x230</size>
         <input_file_ref idref="fl-d"/>
      </object_component>
      <object_component id="oc-116">
         <name>.debug_info</name>
         <load_address>0x7024</load_address>
         <run_address>0x7024</run_address>
         <size>0x22a</size>
         <input_file_ref idref="fl-d"/>
      </object_component>
      <object_component id="oc-191">
         <name>.debug_info</name>
         <load_address>0x724e</load_address>
         <run_address>0x724e</run_address>
         <size>0x142</size>
         <input_file_ref idref="fl-c4"/>
      </object_component>
      <object_component id="oc-8e">
         <name>.debug_info</name>
         <load_address>0x7390</load_address>
         <run_address>0x7390</run_address>
         <size>0x2d4</size>
         <input_file_ref idref="fl-c5"/>
      </object_component>
      <object_component id="oc-48">
         <name>.debug_info</name>
         <load_address>0x7664</load_address>
         <run_address>0x7664</run_address>
         <size>0x1d2</size>
         <input_file_ref idref="fl-c5"/>
      </object_component>
      <object_component id="oc-89">
         <name>.debug_info</name>
         <load_address>0x7836</load_address>
         <run_address>0x7836</run_address>
         <size>0x46</size>
         <input_file_ref idref="fl-c5"/>
      </object_component>
      <object_component id="oc-46">
         <name>.debug_info</name>
         <load_address>0x787c</load_address>
         <run_address>0x787c</run_address>
         <size>0x2a8</size>
         <input_file_ref idref="fl-c6"/>
      </object_component>
      <object_component id="oc-1c">
         <name>.debug_info</name>
         <load_address>0x7b24</load_address>
         <run_address>0x7b24</run_address>
         <size>0x1ea</size>
         <input_file_ref idref="fl-c6"/>
      </object_component>
      <object_component id="oc-41">
         <name>.debug_info</name>
         <load_address>0x7d0e</load_address>
         <run_address>0x7d0e</run_address>
         <size>0x46</size>
         <input_file_ref idref="fl-c6"/>
      </object_component>
      <object_component id="oc-81">
         <name>.debug_info</name>
         <load_address>0x7d54</load_address>
         <run_address>0x7d54</run_address>
         <size>0x2c</size>
         <input_file_ref idref="fl-c6"/>
      </object_component>
      <object_component id="oc-7f">
         <name>.debug_info</name>
         <load_address>0x7d80</load_address>
         <run_address>0x7d80</run_address>
         <size>0x29e</size>
         <input_file_ref idref="fl-c7"/>
      </object_component>
      <object_component id="oc-19">
         <name>.debug_info</name>
         <load_address>0x801e</load_address>
         <run_address>0x801e</run_address>
         <size>0x250</size>
         <input_file_ref idref="fl-c7"/>
      </object_component>
      <object_component id="oc-31">
         <name>.debug_info</name>
         <load_address>0x826e</load_address>
         <run_address>0x826e</run_address>
         <size>0x60</size>
         <input_file_ref idref="fl-c7"/>
      </object_component>
      <object_component id="oc-b3">
         <name>.debug_info</name>
         <load_address>0x82ce</load_address>
         <run_address>0x82ce</run_address>
         <size>0x46</size>
         <input_file_ref idref="fl-c7"/>
      </object_component>
      <object_component id="oc-7a">
         <name>.debug_info</name>
         <load_address>0x8314</load_address>
         <run_address>0x8314</run_address>
         <size>0x39</size>
         <input_file_ref idref="fl-c7"/>
      </object_component>
      <object_component id="oc-1e2">
         <name>.debug_info</name>
         <load_address>0x834d</load_address>
         <run_address>0x834d</run_address>
         <size>0x28f</size>
         <input_file_ref idref="fl-c8"/>
      </object_component>
      <object_component id="oc-18b">
         <name>.debug_info</name>
         <load_address>0x85dc</load_address>
         <run_address>0x85dc</run_address>
         <size>0x245</size>
         <input_file_ref idref="fl-c8"/>
      </object_component>
      <object_component id="oc-25">
         <name>.debug_info</name>
         <load_address>0x8821</load_address>
         <run_address>0x8821</run_address>
         <size>0x10b</size>
         <input_file_ref idref="fl-c9"/>
      </object_component>
      <object_component id="oc-5c">
         <name>.debug_info</name>
         <load_address>0x892c</load_address>
         <run_address>0x892c</run_address>
         <size>0x1a9</size>
         <input_file_ref idref="fl-c9"/>
      </object_component>
      <object_component id="oc-1e4">
         <name>.debug_info</name>
         <load_address>0x8ad5</load_address>
         <run_address>0x8ad5</run_address>
         <size>0x115</size>
         <input_file_ref idref="fl-ca"/>
      </object_component>
      <object_component id="oc-3e">
         <name>.debug_info</name>
         <load_address>0x8bea</load_address>
         <run_address>0x8bea</run_address>
         <size>0x119</size>
         <input_file_ref idref="fl-cb"/>
      </object_component>
      <object_component id="oc-1b1">
         <name>.debug_info</name>
         <load_address>0x8d03</load_address>
         <run_address>0x8d03</run_address>
         <size>0x4b3</size>
         <input_file_ref idref="fl-cd"/>
      </object_component>
      <object_component id="oc-12c">
         <name>.debug_info</name>
         <load_address>0x91b6</load_address>
         <run_address>0x91b6</run_address>
         <size>0x1a6</size>
         <input_file_ref idref="fl-cd"/>
      </object_component>
      <object_component id="oc-202">
         <name>.debug_info</name>
         <load_address>0x935c</load_address>
         <run_address>0x935c</run_address>
         <size>0x39</size>
         <input_file_ref idref="fl-cd"/>
      </object_component>
      <object_component id="oc-21d">
         <name>.debug_info</name>
         <load_address>0x9395</load_address>
         <run_address>0x9395</run_address>
         <size>0x39</size>
         <input_file_ref idref="fl-cd"/>
      </object_component>
      <object_component id="oc-207">
         <name>.debug_info</name>
         <load_address>0x93ce</load_address>
         <run_address>0x93ce</run_address>
         <size>0x39</size>
         <input_file_ref idref="fl-cd"/>
      </object_component>
      <object_component id="oc-20c">
         <name>.debug_info</name>
         <load_address>0x9407</load_address>
         <run_address>0x9407</run_address>
         <size>0xcd</size>
         <input_file_ref idref="fl-cd"/>
      </object_component>
      <object_component id="oc-96">
         <name>.debug_info</name>
         <load_address>0x94d4</load_address>
         <run_address>0x94d4</run_address>
         <size>0x153</size>
         <input_file_ref idref="fl-ce"/>
      </object_component>
      <object_component id="oc-122">
         <name>.debug_info</name>
         <load_address>0x9627</load_address>
         <run_address>0x9627</run_address>
         <size>0x122</size>
         <input_file_ref idref="fl-d0"/>
      </object_component>
      <object_component id="oc-259">
         <name>.debug_info</name>
         <load_address>0x9749</load_address>
         <run_address>0x9749</run_address>
         <size>0xae</size>
      </object_component>
      <object_component id="oc-15e">
         <name>.debug_line</name>
         <load_address>0x0</load_address>
         <run_address>0x0</run_address>
         <size>0xd9</size>
         <input_file_ref idref="fl-2"/>
      </object_component>
      <object_component id="oc-e0">
         <name>.debug_line</name>
         <load_address>0xd9</load_address>
         <run_address>0xd9</run_address>
         <size>0x2ad</size>
         <input_file_ref idref="fl-2"/>
      </object_component>
      <object_component id="oc-73">
         <name>.debug_line</name>
         <load_address>0x386</load_address>
         <run_address>0x386</run_address>
         <size>0x6f</size>
         <input_file_ref idref="fl-2"/>
      </object_component>
      <object_component id="oc-39">
         <name>.debug_line</name>
         <load_address>0x3f5</load_address>
         <run_address>0x3f5</run_address>
         <size>0x20</size>
         <input_file_ref idref="fl-2"/>
      </object_component>
      <object_component id="oc-b0">
         <name>.debug_line</name>
         <load_address>0x415</load_address>
         <run_address>0x415</run_address>
         <size>0x73</size>
         <input_file_ref idref="fl-2"/>
      </object_component>
      <object_component id="oc-78">
         <name>.debug_line</name>
         <load_address>0x488</load_address>
         <run_address>0x488</run_address>
         <size>0x70</size>
         <input_file_ref idref="fl-2"/>
      </object_component>
      <object_component id="oc-bd">
         <name>.debug_line</name>
         <load_address>0x4f8</load_address>
         <run_address>0x4f8</run_address>
         <size>0x6b</size>
         <input_file_ref idref="fl-2"/>
      </object_component>
      <object_component id="oc-162">
         <name>.debug_line</name>
         <load_address>0x563</load_address>
         <run_address>0x563</run_address>
         <size>0x74</size>
         <input_file_ref idref="fl-2"/>
      </object_component>
      <object_component id="oc-17b">
         <name>.debug_line</name>
         <load_address>0x5d7</load_address>
         <run_address>0x5d7</run_address>
         <size>0xe0</size>
         <input_file_ref idref="fl-3"/>
      </object_component>
      <object_component id="oc-195">
         <name>.debug_line</name>
         <load_address>0x6b7</load_address>
         <run_address>0x6b7</run_address>
         <size>0x2d</size>
         <input_file_ref idref="fl-3"/>
      </object_component>
      <object_component id="oc-a0">
         <name>.debug_line</name>
         <load_address>0x6e4</load_address>
         <run_address>0x6e4</run_address>
         <size>0x38d</size>
         <input_file_ref idref="fl-3"/>
      </object_component>
      <object_component id="oc-11d">
         <name>.debug_line</name>
         <load_address>0xa71</load_address>
         <run_address>0xa71</run_address>
         <size>0x20</size>
         <input_file_ref idref="fl-3"/>
      </object_component>
      <object_component id="oc-6f">
         <name>.debug_line</name>
         <load_address>0xa91</load_address>
         <run_address>0xa91</run_address>
         <size>0x41</size>
         <input_file_ref idref="fl-4"/>
      </object_component>
      <object_component id="oc-2e">
         <name>.debug_line</name>
         <load_address>0xad2</load_address>
         <run_address>0xad2</run_address>
         <size>0x41</size>
         <input_file_ref idref="fl-4"/>
      </object_component>
      <object_component id="oc-2b">
         <name>.debug_line</name>
         <load_address>0xb13</load_address>
         <run_address>0xb13</run_address>
         <size>0xa1</size>
         <input_file_ref idref="fl-4"/>
      </object_component>
      <object_component id="oc-1de">
         <name>.debug_line</name>
         <load_address>0xbb4</load_address>
         <run_address>0xbb4</run_address>
         <size>0x82</size>
         <input_file_ref idref="fl-a"/>
      </object_component>
      <object_component id="oc-186">
         <name>.debug_line</name>
         <load_address>0xc36</load_address>
         <run_address>0xc36</run_address>
         <size>0x92</size>
         <input_file_ref idref="fl-a"/>
      </object_component>
      <object_component id="oc-16f">
         <name>.debug_line</name>
         <load_address>0xcc8</load_address>
         <run_address>0xcc8</run_address>
         <size>0x95</size>
         <input_file_ref idref="fl-a"/>
      </object_component>
      <object_component id="oc-175">
         <name>.debug_line</name>
         <load_address>0xd5d</load_address>
         <run_address>0xd5d</run_address>
         <size>0xc4</size>
         <input_file_ref idref="fl-a"/>
      </object_component>
      <object_component id="oc-180">
         <name>.debug_line</name>
         <load_address>0xe21</load_address>
         <run_address>0xe21</run_address>
         <size>0x99</size>
         <input_file_ref idref="fl-a"/>
      </object_component>
      <object_component id="oc-cd">
         <name>.debug_line</name>
         <load_address>0xeba</load_address>
         <run_address>0xeba</run_address>
         <size>0x99</size>
         <input_file_ref idref="fl-a"/>
      </object_component>
      <object_component id="oc-d3">
         <name>.debug_line</name>
         <load_address>0xf53</load_address>
         <run_address>0xf53</run_address>
         <size>0x92</size>
         <input_file_ref idref="fl-a"/>
      </object_component>
      <object_component id="oc-1d9">
         <name>.debug_line</name>
         <load_address>0xfe5</load_address>
         <run_address>0xfe5</run_address>
         <size>0x71</size>
         <input_file_ref idref="fl-a"/>
      </object_component>
      <object_component id="oc-1c9">
         <name>.debug_line</name>
         <load_address>0x1056</load_address>
         <run_address>0x1056</run_address>
         <size>0x75</size>
         <input_file_ref idref="fl-a"/>
      </object_component>
      <object_component id="oc-1d4">
         <name>.debug_line</name>
         <load_address>0x10cb</load_address>
         <run_address>0x10cb</run_address>
         <size>0x71</size>
         <input_file_ref idref="fl-a"/>
      </object_component>
      <object_component id="oc-168">
         <name>.debug_line</name>
         <load_address>0x113c</load_address>
         <run_address>0x113c</run_address>
         <size>0x72</size>
         <input_file_ref idref="fl-a"/>
      </object_component>
      <object_component id="oc-219">
         <name>.debug_line</name>
         <load_address>0x11ae</load_address>
         <run_address>0x11ae</run_address>
         <size>0x7c</size>
         <input_file_ref idref="fl-b"/>
      </object_component>
      <object_component id="oc-217">
         <name>.debug_line</name>
         <load_address>0x122a</load_address>
         <run_address>0x122a</run_address>
         <size>0x82</size>
         <input_file_ref idref="fl-b"/>
      </object_component>
      <object_component id="oc-1a2">
         <name>.debug_line</name>
         <load_address>0x12ac</load_address>
         <run_address>0x12ac</run_address>
         <size>0xaf</size>
         <input_file_ref idref="fl-b"/>
      </object_component>
      <object_component id="oc-1cc">
         <name>.debug_line</name>
         <load_address>0x135b</load_address>
         <run_address>0x135b</run_address>
         <size>0x13d</size>
         <input_file_ref idref="fl-c"/>
      </object_component>
      <object_component id="oc-1ea">
         <name>.debug_line</name>
         <load_address>0x1498</load_address>
         <run_address>0x1498</run_address>
         <size>0x7f</size>
         <input_file_ref idref="fl-c"/>
      </object_component>
      <object_component id="oc-c4">
         <name>.debug_line</name>
         <load_address>0x1517</load_address>
         <run_address>0x1517</run_address>
         <size>0x94</size>
         <input_file_ref idref="fl-c"/>
      </object_component>
      <object_component id="oc-fc">
         <name>.debug_line</name>
         <load_address>0x15ab</load_address>
         <run_address>0x15ab</run_address>
         <size>0xee</size>
         <input_file_ref idref="fl-c"/>
      </object_component>
      <object_component id="oc-f3">
         <name>.debug_line</name>
         <load_address>0x1699</load_address>
         <run_address>0x1699</run_address>
         <size>0x118</size>
         <input_file_ref idref="fl-c"/>
      </object_component>
      <object_component id="oc-1cf">
         <name>.debug_line</name>
         <load_address>0x17b1</load_address>
         <run_address>0x17b1</run_address>
         <size>0x7f</size>
         <input_file_ref idref="fl-c"/>
      </object_component>
      <object_component id="oc-1ec">
         <name>.debug_line</name>
         <load_address>0x1830</load_address>
         <run_address>0x1830</run_address>
         <size>0x82</size>
         <input_file_ref idref="fl-d"/>
      </object_component>
      <object_component id="oc-106">
         <name>.debug_line</name>
         <load_address>0x18b2</load_address>
         <run_address>0x18b2</run_address>
         <size>0x95</size>
         <input_file_ref idref="fl-d"/>
      </object_component>
      <object_component id="oc-10c">
         <name>.debug_line</name>
         <load_address>0x1947</load_address>
         <run_address>0x1947</run_address>
         <size>0x96</size>
         <input_file_ref idref="fl-d"/>
      </object_component>
      <object_component id="oc-10e">
         <name>.debug_line</name>
         <load_address>0x19dd</load_address>
         <run_address>0x19dd</run_address>
         <size>0x95</size>
         <input_file_ref idref="fl-d"/>
      </object_component>
      <object_component id="oc-115">
         <name>.debug_line</name>
         <load_address>0x1a72</load_address>
         <run_address>0x1a72</run_address>
         <size>0x92</size>
         <input_file_ref idref="fl-d"/>
      </object_component>
      <object_component id="oc-190">
         <name>.debug_line</name>
         <load_address>0x1b04</load_address>
         <run_address>0x1b04</run_address>
         <size>0x5b</size>
         <input_file_ref idref="fl-c4"/>
      </object_component>
      <object_component id="oc-c0">
         <name>.debug_line</name>
         <load_address>0x1b5f</load_address>
         <run_address>0x1b5f</run_address>
         <size>0x92</size>
         <input_file_ref idref="fl-c5"/>
      </object_component>
      <object_component id="oc-4b">
         <name>.debug_line</name>
         <load_address>0x1bf1</load_address>
         <run_address>0x1bf1</run_address>
         <size>0x56</size>
         <input_file_ref idref="fl-c5"/>
      </object_component>
      <object_component id="oc-8c">
         <name>.debug_line</name>
         <load_address>0x1c47</load_address>
         <run_address>0x1c47</run_address>
         <size>0x34</size>
         <input_file_ref idref="fl-c5"/>
      </object_component>
      <object_component id="oc-87">
         <name>.debug_line</name>
         <load_address>0x1c7b</load_address>
         <run_address>0x1c7b</run_address>
         <size>0x20</size>
         <input_file_ref idref="fl-c6"/>
      </object_component>
      <object_component id="oc-20">
         <name>.debug_line</name>
         <load_address>0x1c9b</load_address>
         <run_address>0x1c9b</run_address>
         <size>0x55</size>
         <input_file_ref idref="fl-c6"/>
      </object_component>
      <object_component id="oc-44">
         <name>.debug_line</name>
         <load_address>0x1cf0</load_address>
         <run_address>0x1cf0</run_address>
         <size>0x3a</size>
         <input_file_ref idref="fl-c6"/>
      </object_component>
      <object_component id="oc-84">
         <name>.debug_line</name>
         <load_address>0x1d2a</load_address>
         <run_address>0x1d2a</run_address>
         <size>0x92</size>
         <input_file_ref idref="fl-c6"/>
      </object_component>
      <object_component id="oc-b9">
         <name>.debug_line</name>
         <load_address>0x1dbc</load_address>
         <run_address>0x1dbc</run_address>
         <size>0x20</size>
         <input_file_ref idref="fl-c7"/>
      </object_component>
      <object_component id="oc-17">
         <name>.debug_line</name>
         <load_address>0x1ddc</load_address>
         <run_address>0x1ddc</run_address>
         <size>0xa9</size>
         <input_file_ref idref="fl-c7"/>
      </object_component>
      <object_component id="oc-34">
         <name>.debug_line</name>
         <load_address>0x1e85</load_address>
         <run_address>0x1e85</run_address>
         <size>0x3a</size>
         <input_file_ref idref="fl-c7"/>
      </object_component>
      <object_component id="oc-b6">
         <name>.debug_line</name>
         <load_address>0x1ebf</load_address>
         <run_address>0x1ebf</run_address>
         <size>0x9a</size>
         <input_file_ref idref="fl-c7"/>
      </object_component>
      <object_component id="oc-7d">
         <name>.debug_line</name>
         <load_address>0x1f59</load_address>
         <run_address>0x1f59</run_address>
         <size>0x96</size>
         <input_file_ref idref="fl-c7"/>
      </object_component>
      <object_component id="oc-214">
         <name>.debug_line</name>
         <load_address>0x1fef</load_address>
         <run_address>0x1fef</run_address>
         <size>0x20</size>
         <input_file_ref idref="fl-c8"/>
      </object_component>
      <object_component id="oc-18a">
         <name>.debug_line</name>
         <load_address>0x200f</load_address>
         <run_address>0x200f</run_address>
         <size>0xb2</size>
         <input_file_ref idref="fl-c8"/>
      </object_component>
      <object_component id="oc-6c">
         <name>.debug_line</name>
         <load_address>0x20c1</load_address>
         <run_address>0x20c1</run_address>
         <size>0x33</size>
         <input_file_ref idref="fl-c9"/>
      </object_component>
      <object_component id="oc-5a">
         <name>.debug_line</name>
         <load_address>0x20f4</load_address>
         <run_address>0x20f4</run_address>
         <size>0x45</size>
         <input_file_ref idref="fl-c9"/>
      </object_component>
      <object_component id="oc-1e7">
         <name>.debug_line</name>
         <load_address>0x2139</load_address>
         <run_address>0x2139</run_address>
         <size>0x37</size>
         <input_file_ref idref="fl-ca"/>
      </object_component>
      <object_component id="oc-3d">
         <name>.debug_line</name>
         <load_address>0x2170</load_address>
         <run_address>0x2170</run_address>
         <size>0x88</size>
         <input_file_ref idref="fl-cb"/>
      </object_component>
      <object_component id="oc-201">
         <name>.debug_line</name>
         <load_address>0x21f8</load_address>
         <run_address>0x21f8</run_address>
         <size>0xbf</size>
         <input_file_ref idref="fl-cd"/>
      </object_component>
      <object_component id="oc-12f">
         <name>.debug_line</name>
         <load_address>0x22b7</load_address>
         <run_address>0x22b7</run_address>
         <size>0x6f</size>
         <input_file_ref idref="fl-cd"/>
      </object_component>
      <object_component id="oc-205">
         <name>.debug_line</name>
         <load_address>0x2326</load_address>
         <run_address>0x2326</run_address>
         <size>0x2e</size>
         <input_file_ref idref="fl-cd"/>
      </object_component>
      <object_component id="oc-220">
         <name>.debug_line</name>
         <load_address>0x2354</load_address>
         <run_address>0x2354</run_address>
         <size>0x9a</size>
         <input_file_ref idref="fl-cd"/>
      </object_component>
      <object_component id="oc-20a">
         <name>.debug_line</name>
         <load_address>0x23ee</load_address>
         <run_address>0x23ee</run_address>
         <size>0x97</size>
         <input_file_ref idref="fl-cd"/>
      </object_component>
      <object_component id="oc-20f">
         <name>.debug_line</name>
         <load_address>0x2485</load_address>
         <run_address>0x2485</run_address>
         <size>0x93</size>
         <input_file_ref idref="fl-cd"/>
      </object_component>
      <object_component id="oc-99">
         <name>.debug_line</name>
         <load_address>0x2518</load_address>
         <run_address>0x2518</run_address>
         <size>0x40</size>
         <input_file_ref idref="fl-ce"/>
      </object_component>
      <object_component id="oc-120">
         <name>.debug_line</name>
         <load_address>0x2558</load_address>
         <run_address>0x2558</run_address>
         <size>0x3c</size>
         <input_file_ref idref="fl-d0"/>
      </object_component>
      <object_component id="oc-e1">
         <name>.debug_frame</name>
         <load_address>0x0</load_address>
         <run_address>0x0</run_address>
         <size>0x190</size>
         <input_file_ref idref="fl-2"/>
      </object_component>
      <object_component id="oc-9c">
         <name>.debug_frame</name>
         <load_address>0x190</load_address>
         <run_address>0x190</run_address>
         <size>0x184</size>
         <input_file_ref idref="fl-3"/>
      </object_component>
      <object_component id="oc-2c">
         <name>.debug_frame</name>
         <load_address>0x314</load_address>
         <run_address>0x314</run_address>
         <size>0x90</size>
         <input_file_ref idref="fl-4"/>
      </object_component>
      <object_component id="oc-187">
         <name>.debug_frame</name>
         <load_address>0x3a4</load_address>
         <run_address>0x3a4</run_address>
         <size>0x54</size>
         <input_file_ref idref="fl-a"/>
      </object_component>
      <object_component id="oc-170">
         <name>.debug_frame</name>
         <load_address>0x3f8</load_address>
         <run_address>0x3f8</run_address>
         <size>0x54</size>
         <input_file_ref idref="fl-a"/>
      </object_component>
      <object_component id="oc-176">
         <name>.debug_frame</name>
         <load_address>0x44c</load_address>
         <run_address>0x44c</run_address>
         <size>0x68</size>
         <input_file_ref idref="fl-a"/>
      </object_component>
      <object_component id="oc-181">
         <name>.debug_frame</name>
         <load_address>0x4b4</load_address>
         <run_address>0x4b4</run_address>
         <size>0x5c</size>
         <input_file_ref idref="fl-a"/>
      </object_component>
      <object_component id="oc-ce">
         <name>.debug_frame</name>
         <load_address>0x510</load_address>
         <run_address>0x510</run_address>
         <size>0x58</size>
         <input_file_ref idref="fl-a"/>
      </object_component>
      <object_component id="oc-d4">
         <name>.debug_frame</name>
         <load_address>0x568</load_address>
         <run_address>0x568</run_address>
         <size>0x54</size>
         <input_file_ref idref="fl-a"/>
      </object_component>
      <object_component id="oc-19e">
         <name>.debug_frame</name>
         <load_address>0x5bc</load_address>
         <run_address>0x5bc</run_address>
         <size>0x60</size>
         <input_file_ref idref="fl-b"/>
      </object_component>
      <object_component id="oc-c8">
         <name>.debug_frame</name>
         <load_address>0x61c</load_address>
         <run_address>0x61c</run_address>
         <size>0x54</size>
         <input_file_ref idref="fl-c"/>
      </object_component>
      <object_component id="oc-100">
         <name>.debug_frame</name>
         <load_address>0x670</load_address>
         <run_address>0x670</run_address>
         <size>0x68</size>
         <input_file_ref idref="fl-c"/>
      </object_component>
      <object_component id="oc-f7">
         <name>.debug_frame</name>
         <load_address>0x6d8</load_address>
         <run_address>0x6d8</run_address>
         <size>0x60</size>
         <input_file_ref idref="fl-c"/>
      </object_component>
      <object_component id="oc-105">
         <name>.debug_frame</name>
         <load_address>0x738</load_address>
         <run_address>0x738</run_address>
         <size>0x54</size>
         <input_file_ref idref="fl-d"/>
      </object_component>
      <object_component id="oc-108">
         <name>.debug_frame</name>
         <load_address>0x78c</load_address>
         <run_address>0x78c</run_address>
         <size>0x58</size>
         <input_file_ref idref="fl-d"/>
      </object_component>
      <object_component id="oc-10f">
         <name>.debug_frame</name>
         <load_address>0x7e4</load_address>
         <run_address>0x7e4</run_address>
         <size>0x54</size>
         <input_file_ref idref="fl-d"/>
      </object_component>
      <object_component id="oc-114">
         <name>.debug_frame</name>
         <load_address>0x838</load_address>
         <run_address>0x838</run_address>
         <size>0x54</size>
         <input_file_ref idref="fl-d"/>
      </object_component>
      <object_component id="oc-4c">
         <name>.debug_frame</name>
         <load_address>0x88c</load_address>
         <run_address>0x88c</run_address>
         <size>0x54</size>
         <input_file_ref idref="fl-c5"/>
      </object_component>
      <object_component id="oc-1f">
         <name>.debug_frame</name>
         <load_address>0x8e0</load_address>
         <run_address>0x8e0</run_address>
         <size>0x54</size>
         <input_file_ref idref="fl-c6"/>
      </object_component>
      <object_component id="oc-16">
         <name>.debug_frame</name>
         <load_address>0x934</load_address>
         <run_address>0x934</run_address>
         <size>0x60</size>
         <input_file_ref idref="fl-c7"/>
      </object_component>
      <object_component id="oc-18d">
         <name>.debug_frame</name>
         <load_address>0x994</load_address>
         <run_address>0x994</run_address>
         <size>0x54</size>
         <input_file_ref idref="fl-c8"/>
      </object_component>
      <object_component id="oc-5b">
         <name>.debug_frame</name>
         <load_address>0x9e8</load_address>
         <run_address>0x9e8</run_address>
         <size>0x50</size>
         <input_file_ref idref="fl-c9"/>
      </object_component>
      <object_component id="oc-130">
         <name>.debug_frame</name>
         <load_address>0xa38</load_address>
         <run_address>0xa38</run_address>
         <size>0x5c</size>
         <input_file_ref idref="fl-cd"/>
      </object_component>
      <object_component id="oc-9a">
         <name>.debug_frame</name>
         <load_address>0xa94</load_address>
         <run_address>0xa94</run_address>
         <size>0x54</size>
         <input_file_ref idref="fl-ce"/>
      </object_component>
      <object_component id="oc-121">
         <name>.debug_frame</name>
         <load_address>0xae8</load_address>
         <run_address>0xae8</run_address>
         <size>0x54</size>
         <input_file_ref idref="fl-d0"/>
      </object_component>
      <object_component id="oc-15d">
         <name>.debug_abbrev</name>
         <load_address>0x0</load_address>
         <run_address>0x0</run_address>
         <size>0x89</size>
         <input_file_ref idref="fl-2"/>
      </object_component>
      <object_component id="oc-193">
         <name>.debug_abbrev</name>
         <load_address>0x89</load_address>
         <run_address>0x89</run_address>
         <size>0x85</size>
         <input_file_ref idref="fl-2"/>
      </object_component>
      <object_component id="oc-72">
         <name>.debug_abbrev</name>
         <load_address>0x10e</load_address>
         <run_address>0x10e</run_address>
         <size>0x69</size>
         <input_file_ref idref="fl-2"/>
      </object_component>
      <object_component id="oc-38">
         <name>.debug_abbrev</name>
         <load_address>0x177</load_address>
         <run_address>0x177</run_address>
         <size>0x1f</size>
         <input_file_ref idref="fl-2"/>
      </object_component>
      <object_component id="oc-af">
         <name>.debug_abbrev</name>
         <load_address>0x196</load_address>
         <run_address>0x196</run_address>
         <size>0x5c</size>
         <input_file_ref idref="fl-2"/>
      </object_component>
      <object_component id="oc-77">
         <name>.debug_abbrev</name>
         <load_address>0x1f2</load_address>
         <run_address>0x1f2</run_address>
         <size>0x24</size>
         <input_file_ref idref="fl-2"/>
      </object_component>
      <object_component id="oc-bc">
         <name>.debug_abbrev</name>
         <load_address>0x216</load_address>
         <run_address>0x216</run_address>
         <size>0x24</size>
         <input_file_ref idref="fl-2"/>
      </object_component>
      <object_component id="oc-161">
         <name>.debug_abbrev</name>
         <load_address>0x23a</load_address>
         <run_address>0x23a</run_address>
         <size>0x33</size>
         <input_file_ref idref="fl-2"/>
      </object_component>
      <object_component id="oc-17a">
         <name>.debug_abbrev</name>
         <load_address>0x26d</load_address>
         <run_address>0x26d</run_address>
         <size>0xc9</size>
         <input_file_ref idref="fl-3"/>
      </object_component>
      <object_component id="oc-194">
         <name>.debug_abbrev</name>
         <load_address>0x336</load_address>
         <run_address>0x336</run_address>
         <size>0x29</size>
         <input_file_ref idref="fl-3"/>
      </object_component>
      <object_component id="oc-119">
         <name>.debug_abbrev</name>
         <load_address>0x35f</load_address>
         <run_address>0x35f</run_address>
         <size>0xe7</size>
         <input_file_ref idref="fl-3"/>
      </object_component>
      <object_component id="oc-11c">
         <name>.debug_abbrev</name>
         <load_address>0x446</load_address>
         <run_address>0x446</run_address>
         <size>0x1f</size>
         <input_file_ref idref="fl-3"/>
      </object_component>
      <object_component id="oc-6e">
         <name>.debug_abbrev</name>
         <load_address>0x465</load_address>
         <run_address>0x465</run_address>
         <size>0x68</size>
         <input_file_ref idref="fl-4"/>
      </object_component>
      <object_component id="oc-2d">
         <name>.debug_abbrev</name>
         <load_address>0x4cd</load_address>
         <run_address>0x4cd</run_address>
         <size>0x29</size>
         <input_file_ref idref="fl-4"/>
      </object_component>
      <object_component id="oc-6d">
         <name>.debug_abbrev</name>
         <load_address>0x4f6</load_address>
         <run_address>0x4f6</run_address>
         <size>0x79</size>
         <input_file_ref idref="fl-4"/>
      </object_component>
      <object_component id="oc-1dd">
         <name>.debug_abbrev</name>
         <load_address>0x56f</load_address>
         <run_address>0x56f</run_address>
         <size>0x7d</size>
         <input_file_ref idref="fl-a"/>
      </object_component>
      <object_component id="oc-1e0">
         <name>.debug_abbrev</name>
         <load_address>0x5ec</load_address>
         <run_address>0x5ec</run_address>
         <size>0x6c</size>
         <input_file_ref idref="fl-a"/>
      </object_component>
      <object_component id="oc-1db">
         <name>.debug_abbrev</name>
         <load_address>0x658</load_address>
         <run_address>0x658</run_address>
         <size>0x6c</size>
         <input_file_ref idref="fl-a"/>
      </object_component>
      <object_component id="oc-1dc">
         <name>.debug_abbrev</name>
         <load_address>0x6c4</load_address>
         <run_address>0x6c4</run_address>
         <size>0x6c</size>
         <input_file_ref idref="fl-a"/>
      </object_component>
      <object_component id="oc-1df">
         <name>.debug_abbrev</name>
         <load_address>0x730</load_address>
         <run_address>0x730</run_address>
         <size>0x7a</size>
         <input_file_ref idref="fl-a"/>
      </object_component>
      <object_component id="oc-177">
         <name>.debug_abbrev</name>
         <load_address>0x7aa</load_address>
         <run_address>0x7aa</run_address>
         <size>0x7a</size>
         <input_file_ref idref="fl-a"/>
      </object_component>
      <object_component id="oc-179">
         <name>.debug_abbrev</name>
         <load_address>0x824</load_address>
         <run_address>0x824</run_address>
         <size>0x6e</size>
         <input_file_ref idref="fl-a"/>
      </object_component>
      <object_component id="oc-1d8">
         <name>.debug_abbrev</name>
         <load_address>0x892</load_address>
         <run_address>0x892</run_address>
         <size>0x69</size>
         <input_file_ref idref="fl-a"/>
      </object_component>
      <object_component id="oc-1c8">
         <name>.debug_abbrev</name>
         <load_address>0x8fb</load_address>
         <run_address>0x8fb</run_address>
         <size>0x5c</size>
         <input_file_ref idref="fl-a"/>
      </object_component>
      <object_component id="oc-1d3">
         <name>.debug_abbrev</name>
         <load_address>0x957</load_address>
         <run_address>0x957</run_address>
         <size>0x24</size>
         <input_file_ref idref="fl-a"/>
      </object_component>
      <object_component id="oc-167">
         <name>.debug_abbrev</name>
         <load_address>0x97b</load_address>
         <run_address>0x97b</run_address>
         <size>0x24</size>
         <input_file_ref idref="fl-a"/>
      </object_component>
      <object_component id="oc-218">
         <name>.debug_abbrev</name>
         <load_address>0x99f</load_address>
         <run_address>0x99f</run_address>
         <size>0x99</size>
         <input_file_ref idref="fl-b"/>
      </object_component>
      <object_component id="oc-216">
         <name>.debug_abbrev</name>
         <load_address>0xa38</load_address>
         <run_address>0xa38</run_address>
         <size>0x29</size>
         <input_file_ref idref="fl-b"/>
      </object_component>
      <object_component id="oc-1f0">
         <name>.debug_abbrev</name>
         <load_address>0xa61</load_address>
         <run_address>0xa61</run_address>
         <size>0x6c</size>
         <input_file_ref idref="fl-b"/>
      </object_component>
      <object_component id="oc-1cb">
         <name>.debug_abbrev</name>
         <load_address>0xacd</load_address>
         <run_address>0xacd</run_address>
         <size>0xbb</size>
         <input_file_ref idref="fl-c"/>
      </object_component>
      <object_component id="oc-1e9">
         <name>.debug_abbrev</name>
         <load_address>0xb88</load_address>
         <run_address>0xb88</run_address>
         <size>0x27</size>
         <input_file_ref idref="fl-c"/>
      </object_component>
      <object_component id="oc-164">
         <name>.debug_abbrev</name>
         <load_address>0xbaf</load_address>
         <run_address>0xbaf</run_address>
         <size>0x6c</size>
         <input_file_ref idref="fl-c"/>
      </object_component>
      <object_component id="oc-19a">
         <name>.debug_abbrev</name>
         <load_address>0xc1b</load_address>
         <run_address>0xc1b</run_address>
         <size>0x7a</size>
         <input_file_ref idref="fl-c"/>
      </object_component>
      <object_component id="oc-199">
         <name>.debug_abbrev</name>
         <load_address>0xc95</load_address>
         <run_address>0xc95</run_address>
         <size>0x60</size>
         <input_file_ref idref="fl-c"/>
      </object_component>
      <object_component id="oc-1ce">
         <name>.debug_abbrev</name>
         <load_address>0xcf5</load_address>
         <run_address>0xcf5</run_address>
         <size>0x38</size>
         <input_file_ref idref="fl-c"/>
      </object_component>
      <object_component id="oc-1eb">
         <name>.debug_abbrev</name>
         <load_address>0xd2d</load_address>
         <run_address>0xd2d</run_address>
         <size>0x69</size>
         <input_file_ref idref="fl-d"/>
      </object_component>
      <object_component id="oc-19b">
         <name>.debug_abbrev</name>
         <load_address>0xd96</load_address>
         <run_address>0xd96</run_address>
         <size>0x6c</size>
         <input_file_ref idref="fl-d"/>
      </object_component>
      <object_component id="oc-1a3">
         <name>.debug_abbrev</name>
         <load_address>0xe02</load_address>
         <run_address>0xe02</run_address>
         <size>0x7a</size>
         <input_file_ref idref="fl-d"/>
      </object_component>
      <object_component id="oc-1a4">
         <name>.debug_abbrev</name>
         <load_address>0xe7c</load_address>
         <run_address>0xe7c</run_address>
         <size>0x50</size>
         <input_file_ref idref="fl-d"/>
      </object_component>
      <object_component id="oc-1a5">
         <name>.debug_abbrev</name>
         <load_address>0xecc</load_address>
         <run_address>0xecc</run_address>
         <size>0x50</size>
         <input_file_ref idref="fl-d"/>
      </object_component>
      <object_component id="oc-1e8">
         <name>.debug_abbrev</name>
         <load_address>0xf1c</load_address>
         <run_address>0xf1c</run_address>
         <size>0x4a</size>
         <input_file_ref idref="fl-c4"/>
      </object_component>
      <object_component id="oc-bf">
         <name>.debug_abbrev</name>
         <load_address>0xf66</load_address>
         <run_address>0xf66</run_address>
         <size>0x5d</size>
         <input_file_ref idref="fl-c5"/>
      </object_component>
      <object_component id="oc-88">
         <name>.debug_abbrev</name>
         <load_address>0xfc3</load_address>
         <run_address>0xfc3</run_address>
         <size>0x6f</size>
         <input_file_ref idref="fl-c5"/>
      </object_component>
      <object_component id="oc-8b">
         <name>.debug_abbrev</name>
         <load_address>0x1032</load_address>
         <run_address>0x1032</run_address>
         <size>0x24</size>
         <input_file_ref idref="fl-c5"/>
      </object_component>
      <object_component id="oc-86">
         <name>.debug_abbrev</name>
         <load_address>0x1056</load_address>
         <run_address>0x1056</run_address>
         <size>0x37</size>
         <input_file_ref idref="fl-c6"/>
      </object_component>
      <object_component id="oc-40">
         <name>.debug_abbrev</name>
         <load_address>0x108d</load_address>
         <run_address>0x108d</run_address>
         <size>0x74</size>
         <input_file_ref idref="fl-c6"/>
      </object_component>
      <object_component id="oc-43">
         <name>.debug_abbrev</name>
         <load_address>0x1101</load_address>
         <run_address>0x1101</run_address>
         <size>0x24</size>
         <input_file_ref idref="fl-c6"/>
      </object_component>
      <object_component id="oc-83">
         <name>.debug_abbrev</name>
         <load_address>0x1125</load_address>
         <run_address>0x1125</run_address>
         <size>0x24</size>
         <input_file_ref idref="fl-c6"/>
      </object_component>
      <object_component id="oc-b8">
         <name>.debug_abbrev</name>
         <load_address>0x1149</load_address>
         <run_address>0x1149</run_address>
         <size>0x37</size>
         <input_file_ref idref="fl-c7"/>
      </object_component>
      <object_component id="oc-30">
         <name>.debug_abbrev</name>
         <load_address>0x1180</load_address>
         <run_address>0x1180</run_address>
         <size>0x6f</size>
         <input_file_ref idref="fl-c7"/>
      </object_component>
      <object_component id="oc-33">
         <name>.debug_abbrev</name>
         <load_address>0x11ef</load_address>
         <run_address>0x11ef</run_address>
         <size>0x24</size>
         <input_file_ref idref="fl-c7"/>
      </object_component>
      <object_component id="oc-b5">
         <name>.debug_abbrev</name>
         <load_address>0x1213</load_address>
         <run_address>0x1213</run_address>
         <size>0x35</size>
         <input_file_ref idref="fl-c7"/>
      </object_component>
      <object_component id="oc-7c">
         <name>.debug_abbrev</name>
         <load_address>0x1248</load_address>
         <run_address>0x1248</run_address>
         <size>0x24</size>
         <input_file_ref idref="fl-c7"/>
      </object_component>
      <object_component id="oc-213">
         <name>.debug_abbrev</name>
         <load_address>0x126c</load_address>
         <run_address>0x126c</run_address>
         <size>0x35</size>
         <input_file_ref idref="fl-c8"/>
      </object_component>
      <object_component id="oc-1e1">
         <name>.debug_abbrev</name>
         <load_address>0x12a1</load_address>
         <run_address>0x12a1</run_address>
         <size>0x71</size>
         <input_file_ref idref="fl-c8"/>
      </object_component>
      <object_component id="oc-6b">
         <name>.debug_abbrev</name>
         <load_address>0x1312</load_address>
         <run_address>0x1312</run_address>
         <size>0x29</size>
         <input_file_ref idref="fl-c9"/>
      </object_component>
      <object_component id="oc-a4">
         <name>.debug_abbrev</name>
         <load_address>0x133b</load_address>
         <run_address>0x133b</run_address>
         <size>0x55</size>
         <input_file_ref idref="fl-c9"/>
      </object_component>
      <object_component id="oc-215">
         <name>.debug_abbrev</name>
         <load_address>0x1390</load_address>
         <run_address>0x1390</run_address>
         <size>0x38</size>
         <input_file_ref idref="fl-ca"/>
      </object_component>
      <object_component id="oc-80">
         <name>.debug_abbrev</name>
         <load_address>0x13c8</load_address>
         <run_address>0x13c8</run_address>
         <size>0x3e</size>
         <input_file_ref idref="fl-cb"/>
      </object_component>
      <object_component id="oc-200">
         <name>.debug_abbrev</name>
         <load_address>0x1406</load_address>
         <run_address>0x1406</run_address>
         <size>0xc0</size>
         <input_file_ref idref="fl-cd"/>
      </object_component>
      <object_component id="oc-1b0">
         <name>.debug_abbrev</name>
         <load_address>0x14c6</load_address>
         <run_address>0x14c6</run_address>
         <size>0x7e</size>
         <input_file_ref idref="fl-cd"/>
      </object_component>
      <object_component id="oc-204">
         <name>.debug_abbrev</name>
         <load_address>0x1544</load_address>
         <run_address>0x1544</run_address>
         <size>0x24</size>
         <input_file_ref idref="fl-cd"/>
      </object_component>
      <object_component id="oc-21f">
         <name>.debug_abbrev</name>
         <load_address>0x1568</load_address>
         <run_address>0x1568</run_address>
         <size>0x24</size>
         <input_file_ref idref="fl-cd"/>
      </object_component>
      <object_component id="oc-209">
         <name>.debug_abbrev</name>
         <load_address>0x158c</load_address>
         <run_address>0x158c</run_address>
         <size>0x24</size>
         <input_file_ref idref="fl-cd"/>
      </object_component>
      <object_component id="oc-20e">
         <name>.debug_abbrev</name>
         <load_address>0x15b0</load_address>
         <run_address>0x15b0</run_address>
         <size>0x4b</size>
         <input_file_ref idref="fl-cd"/>
      </object_component>
      <object_component id="oc-c2">
         <name>.debug_abbrev</name>
         <load_address>0x15fb</load_address>
         <run_address>0x15fb</run_address>
         <size>0x55</size>
         <input_file_ref idref="fl-ce"/>
      </object_component>
      <object_component id="oc-1a6">
         <name>.debug_abbrev</name>
         <load_address>0x1650</load_address>
         <run_address>0x1650</run_address>
         <size>0x45</size>
         <input_file_ref idref="fl-d0"/>
      </object_component>
      <object_component id="oc-25a">
         <name>.debug_abbrev</name>
         <load_address>0x1695</load_address>
         <run_address>0x1695</run_address>
         <size>0xf</size>
      </object_component>
      <object_component id="oc-74">
         <name>.debug_str</name>
         <load_address>0x0</load_address>
         <run_address>0x0</run_address>
         <size>0x2bf</size>
         <input_file_ref idref="fl-2"/>
      </object_component>
      <object_component id="oc-3a">
         <name>.debug_str</name>
         <load_address>0x2bf</load_address>
         <run_address>0x2bf</run_address>
         <size>0xfd</size>
         <input_file_ref idref="fl-2"/>
      </object_component>
      <object_component id="oc-b1">
         <name>.debug_str</name>
         <load_address>0x3bc</load_address>
         <run_address>0x3bc</run_address>
         <size>0x355</size>
         <input_file_ref idref="fl-2"/>
      </object_component>
      <object_component id="oc-79">
         <name>.debug_str</name>
         <load_address>0x711</load_address>
         <run_address>0x711</run_address>
         <size>0x157</size>
         <input_file_ref idref="fl-2"/>
      </object_component>
      <object_component id="oc-be">
         <name>.debug_str</name>
         <load_address>0x868</load_address>
         <run_address>0x868</run_address>
         <size>0xf1</size>
         <input_file_ref idref="fl-2"/>
      </object_component>
      <object_component id="oc-163">
         <name>.debug_str</name>
         <load_address>0x959</load_address>
         <run_address>0x959</run_address>
         <size>0x105</size>
         <input_file_ref idref="fl-2"/>
      </object_component>
      <object_component id="oc-11e">
         <name>.debug_str</name>
         <load_address>0xa5e</load_address>
         <run_address>0xa5e</run_address>
         <size>0xfd</size>
         <input_file_ref idref="fl-3"/>
      </object_component>
      <object_component id="oc-1da">
         <name>.debug_str</name>
         <load_address>0xb5b</load_address>
         <run_address>0xb5b</run_address>
         <size>0x2df</size>
         <input_file_ref idref="fl-a"/>
      </object_component>
      <object_component id="oc-1ca">
         <name>.debug_str</name>
         <load_address>0xe3a</load_address>
         <run_address>0xe3a</run_address>
         <size>0x36e</size>
         <input_file_ref idref="fl-a"/>
[...]
         <size>0x4c4</size>
         <flags>0x6</flags>
         <contents>
            <logical_group_ref idref="lg-9"/>
            <logical_group_ref idref="lg-d"/>
            <logical_group_ref idref="lg-b"/>
            <logical_group_ref idref="lg-a"/>
         </contents>
      </load_segment>
   </logical_group_list>
   <placement_map>
      <memory_area display="yes" color="green">
         <name>FLASH</name>
         <page_id>0x0</page_id>
         <origin>0x0</origin>
         <length>0x40000</length>
         <used_space>0x1ca2</used_space>
         <unused_space>0x3e35e</unused_space>
         <attributes>RX</attributes>
         <usage_details>
            <allocated_space>
               <start_address>0x0</start_address>
               <size>0x26c</size>
               <logical_group_ref idref="lg-3"/>
            </allocated_space>
            <allocated_space>
               <start_address>0x26c</start_address>
               <size>0x1982</size>
               <logical_group_ref idref="lg-4"/>
            </allocated_space>
            <available_space>
               <start_address>0x1bee</start_address>
               <size>0x2</size>
            </available_space>
            <allocated_space>
               <start_address>0x1bf0</start_address>
               <size>0x6c</size>
               <logical_group_ref idref="lg-5"/>
            </allocated_space>
            <available_space>
               <start_address>0x1c5c</start_address>
               <size>0x4</size>
            </available_space>
            <allocated_space>
               <start_address>0x1c60</start_address>
               <size>0x48</size>
               <logical_group_ref idref="lg-6"/>
            </allocated_space>
            <available_space>
               <start_address>0x1ca8</start_address>
               <size>0x3e358</size>
            </available_space>
         </usage_details>
      </memory_area>
      <memory_area display="yes" color="green">
         <name>SRAM</name>
         <page_id>0x0</page_id>
         <origin>0x20000000</origin>
         <length>0x8000</length>
         <used_space>0x4bd</used_space>
         <unused_space>0x7b43</unused_space>
         <attributes>RWX</attributes>
         <usage_details>
            <allocated_space>
               <start_address>0x20000000</start_address>
               <size>0x0</size>
               <logical_group_ref idref="lg-22b"/>
            </allocated_space>
            <allocated_space>
               <start_address>0x20000000</start_address>
               <size>0x26c</size>
               <logical_group_ref idref="lg-9"/>
            </allocated_space>
            <available_space>
               <start_address>0x2000026c</start_address>
               <size>0x4</size>
            </available_space>
            <allocated_space>
               <start_address>0x20000270</start_address>
               <size>0x200</size>
               <logical_group_ref idref="lg-d"/>
            </allocated_space>
            <allocated_space>
               <start_address>0x20000470</start_address>
               <size>0x35</size>
               <logical_group_ref idref="lg-b"/>
            </allocated_space>
            <available_space>
               <start_address>0x200004a5</start_address>
               <size>0x3</size>
            </available_space>
            <allocated_space>
               <start_address>0x200004a8</start_address>
               <size>0x1c</size>
               <logical_group_ref idref="lg-a"/>
            </allocated_space>
            <available_space>
               <start_address>0x200004c4</start_address>
               <size>0x7b3c</size>
            </available_space>
         </usage_details>
      </memory_area>
   </placement_map>
   <cptbl_list>
      <cptbl>
         <name>__TI_cinit_table</name>
         <cprec>
            <name>.data</name>
            <load_address>0x1c60</load_address>
            <load_size>0x13</load_size>
            <run_address>0x200004a8</run_address>
            <run_size>0x1c</run_size>
            <compression>lzss</compression>
         </cprec>
         <cprec>
            <name>.bss</name>
            <load_address>0x1c80</load_address>
            <load_size>0x8</load_size>
            <run_address>0x20000470</run_address>
            <run_size>0x35</run_size>
            <compression>zero_init</compression>
         </cprec>
         <cprec>
            <name>.vtable</name>
            <load_address>0x1c88</load_address>
            <load_size>0x8</load_size>
            <run_address>0x20000000</run_address>
            <run_size>0x26c</run_size>
            <compression>zero_init</compression>
         </cprec>
      </cptbl>
   </cptbl_list>
   <handler_table>
      <handler_table_name>__TI_handler_table</handler_table_name>
      <handler>
         <index>0x0</index>
         <name>__TI_zero_init</name>
      </handler>
      <handler>
         <index>0x1</index>
         <name>__TI_decompress_lzss</name>
      </handler>
      <handler>
         <index>0x2</index>
         <name>__TI_decompress_none</name>
      </handler>
   </handler_table>
   <symbol_table>
      <symbol id="sm-1">
         <name>__STACK_TOP</name>
         <value>0x20000470</value>
      </symbol>
      <symbol id="sm-2">
         <name>__start___llvm_prf_cnts</name>
         <value>0x20000000</value>
      </symbol>
      <symbol id="sm-3">
         <name>__stop___llvm_prf_cnts</name>
         <value>0x20000000</value>
      </symbol>
      <symbol id="sm-4">
         <name>__TI_CINIT_Base</name>
         <value>0x1c90</value>
      </symbol>
      <symbol id="sm-5">
         <name>__TI_CINIT_Limit</name>
         <value>0x1ca8</value>
      </symbol>
      <symbol id="sm-6">
         <name>__TI_Handler_Table_Base</name>
         <value>0x1c74</value>
      </symbol>
      <symbol id="sm-7">
         <name>__TI_Handler_Table_Limit</name>
         <value>0x1c80</value>
      </symbol>
      <symbol id="sm-8">
         <name>binit</name>
         <value>0xffffffff</value>
      </symbol>
      <symbol id="sm-9">
         <name>__binit__</name>
         <value>0xffffffff</value>
      </symbol>
      <symbol id="sm-a">
         <name>__STACK_SIZE</name>
         <value>0x200</value>
      </symbol>
      <symbol id="sm-b">
         <name>__STACK_END</name>
         <value>0x20000470</value>
      </symbol>
      <symbol id="sm-c">
         <name>__c_args__</name>
         <value>0xffffffff</value>
      </symbol>
      <symbol id="sm-d">
         <name>__TI_pprof_out_hndl</name>
         <value>0xffffffff</value>
      </symbol>
      <symbol id="sm-e">
         <name>__TI_prof_data_start</name>
         <value>0xffffffff</value>
      </symbol>
      <symbol id="sm-f">
         <name>__TI_prof_data_size</name>
         <value>0xffffffff</value>
      </symbol>
      <symbol id="sm-88">
         <name>LCD_Yaz</name>
         <value>0x11d9</value>
         <object_component_ref idref="oc-df"/>
      </symbol>
      <symbol id="sm-89">
         <name>LCD_Show</name>
         <value>0x106d</value>
         <object_component_ref idref="oc-df"/>
      </symbol>
      <symbol id="sm-8a">
         <name>LCD_PrintLn</name>
         <value>0x146d</value>
         <object_component_ref idref="oc-df"/>
      </symbol>
      <symbol id="sm-8b">
         <name>LCD_Prints</name>
         <value>0x1145</value>
         <object_component_ref idref="oc-df"/>
      </symbol>
      <symbol id="sm-8c">
         <name>LCD_Printa</name>
         <value>0x14b9</value>
         <object_component_ref idref="oc-df"/>
      </symbol>
      <symbol id="sm-8d">
         <name>LCD_Command</name>
         <value>0xfe7</value>
         <object_component_ref idref="oc-df"/>
      </symbol>
      <symbol id="sm-8e">
         <name>LCD_Print2Ln</name>
         <value>0x1409</value>
         <object_component_ref idref="oc-df"/>
      </symbol>
      <symbol id="sm-8f">
         <name>LCD_init</name>
         <value>0xf09</value>
         <object_component_ref idref="oc-df"/>
      </symbol>
      <symbol id="sm-90">
         <name>LCD_Clear</name>
         <value>0x1135</value>
         <object_component_ref idref="oc-df"/>
      </symbol>
      <symbol id="sm-91">
         <name>LCD_Cursor</name>
         <value>0x10f1</value>
         <object_component_ref idref="oc-df"/>
      </symbol>
      <symbol id="sm-92">
         <name>LCD_Print</name>
         <value>0x1189</value>
         <object_component_ref idref="oc-df"/>
      </symbol>
      <symbol id="sm-93">
         <name>LCD_PrintJustify</name>
         <value>0x12ef</value>
         <object_component_ref idref="oc-df"/>
      </symbol>
      <symbol id="sm-183">
         <name>sidePlayer</name>
         <value>0x200004a4</value>
      </symbol>
      <symbol id="sm-184">
         <name>Key_R</name>
         <value>0x200004a1</value>
      </symbol>
      <symbol id="sm-185">
         <name>Key_U</name>
         <value>0x200004a2</value>
      </symbol>
      <symbol id="sm-186">
         <name>Key_D</name>
         <value>0x2000049e</value>
      </symbol>
      <symbol id="sm-187">
         <name>Key_L</name>
         <value>0x200004a0</value>
      </symbol>
      <symbol id="sm-188">
         <name>Key_E</name>
         <value>0x2000049f</value>
      </symbol>
      <symbol id="sm-189">
         <name>Button_W</name>
         <value>0x2000049d</value>
      </symbol>
      <symbol id="sm-18a">
         <name>Button_B</name>
         <value>0x2000049c</value>
      </symbol>
      <symbol id="sm-18b">
         <name>blinkState</name>
         <value>0x200004a3</value>
      </symbol>
      <symbol id="sm-18c">
         <name>setSecWhite</name>
         <value>0x20000498</value>
      </symbol>
      <symbol id="sm-18d">
         <name>hourWhite</name>
         <value>0x20000478</value>
      </symbol>
      <symbol id="sm-18e">
         <name>minWhite</name>
         <value>0x20000484</value>
      </symbol>
      <symbol id="sm-18f">
         <name>secWhite</name>
         <value>0x2000048c</value>
      </symbol>
      <symbol id="sm-190">
         <name>setSecBlack</name>
         <value>0x20000494</value>
      </symbol>
      <symbol id="sm-191">
         <name>hourBlack</name>
         <value>0x20000474</value>
      </symbol>
      <symbol id="sm-192">
         <name>minBlack</name>
         <value>0x20000480</value>
      </symbol>
      <symbol id="sm-193">
         <name>secBlack</name>
         <value>0x20000488</value>
      </symbol>
      <symbol id="sm-194">
         <name>setInc</name>
         <value>0x20000490</value>
      </symbol>
      <symbol id="sm-195">
         <name>blinkTime</name>
         <value>0x20000470</value>
      </symbol>
      <symbol id="sm-196">
         <name>initBlinkTime</name>
         <value>0x2000047c</value>
      </symbol>
      <symbol id="sm-197">
         <name>printMenu</name>
         <value>0x7c9</value>
         <object_component_ref idref="oc-9b"/>
      </symbol>
      <symbol id="sm-198">
         <name>SysTickIntHandler</name>
         <value>0x26d</value>
         <object_component_ref idref="oc-9b"/>
      </symbol>
      <symbol id="sm-199">
         <name>cTemp</name>
         <value>0x200004b0</value>
         <object_component_ref idref="oc-e5"/>
      </symbol>
      <symbol id="sm-19a">
         <name>blinkDelay</name>
         <value>0x200004bc</value>
         <object_component_ref idref="oc-e5"/>
      </symbol>
      <symbol id="sm-19b">
         <name>ReadButton</name>
         <value>0x277</value>
         <object_component_ref idref="oc-9b"/>
      </symbol>
      <symbol id="sm-19c">
         <name>incBlack</name>
         <value>0xc91</value>
         <object_component_ref idref="oc-9b"/>
      </symbol>
      <symbol id="sm-19d">
         <name>ReadPlayerButton</name>
         <value>0x469</value>
         <object_component_ref idref="oc-9b"/>
      </symbol>
      <symbol id="sm-19e">
         <name>printLabels</name>
         <value>0x961</value>
         <object_component_ref idref="oc-9b"/>
      </symbol>
      <symbol id="sm-19f">
         <name>timerWhite</name>
         <value>0xa41</value>
         <object_component_ref idref="oc-9b"/>
      </symbol>
      <symbol id="sm-1a0">
         <name>millis</name>
         <value>0x200004c0</value>
         <object_component_ref idref="oc-e5"/>
      </symbol>
      <symbol id="sm-1a1">
         <name>main</name>
         <value>0xd55</value>
         <object_component_ref idref="oc-9b"/>
      </symbol>
      <symbol id="sm-1a2">
         <name>cSecWhite</name>
         <value>0x200004b4</value>
         <object_component_ref idref="oc-e5"/>
      </symbol>
      <symbol id="sm-1a3">
         <name>incWhite</name>
         <value>0xbc1</value>
         <object_component_ref idref="oc-9b"/>
      </symbol>
      <symbol id="sm-1a4">
         <name>timerBlack</name>
         <value>0xafd</value>
         <object_component_ref idref="oc-9b"/>
      </symbol>
      <symbol id="sm-1a5">
         <name>cSecBlack</name>
         <value>0x200004b8</value>
         <object_component_ref idref="oc-e5"/>
      </symbol>
      <symbol id="sm-1a6">
         <name>printTimerWhite</name>
         <value>0x4c5</value>
         <object_component_ref idref="oc-9b"/>
      </symbol>
      <symbol id="sm-1a7">
         <name>printTimerBlack</name>
         <value>0x729</value>
         <object_component_ref idref="oc-9b"/>
      </symbol>
      <symbol id="sm-1a8">
         <name>countMenu</name>
         <value>0x200004a8</value>
         <object_component_ref idref="oc-e5"/>
      </symbol>
      <symbol id="sm-1a9">
         <name>exitMenu</name>
         <value>0x200004ac</value>
         <object_component_ref idref="oc-e5"/>
      </symbol>
      <symbol id="sm-1c5">
         <name>ResetISR</name>
         <value>0x1bc7</value>
         <object_component_ref idref="oc-27"/>
      </symbol>
      <symbol id="sm-1c6">
         <name>g_pfnVectors</name>
         <value>0x0</value>
         <object_component_ref idref="oc-12"/>
      </symbol>
      <symbol id="sm-218">
         <name>GPIOPinTypeGPIOInput</name>
         <value>0x1b57</value>
         <object_component_ref idref="oc-c9"/>
      </symbol>
      <symbol id="sm-219">
         <name>GPIOPinTypeGPIOOutput</name>
         <value>0x1b3d</value>
         <object_component_ref idref="oc-17c"/>
      </symbol>
      <symbol id="sm-21a">
         <name>GPIOPinRead</name>
         <value>0x1bd3</value>
         <object_component_ref idref="oc-cf"/>
      </symbol>
      <symbol id="sm-21b">
         <name>GPIODirModeSet</name>
         <value>0x1ad9</value>
         <object_component_ref idref="oc-16b"/>
      </symbol>
      <symbol id="sm-21c">
         <name>GPIOPinWrite</name>
         <value>0x1bd9</value>
         <object_component_ref idref="oc-182"/>
      </symbol>
      <symbol id="sm-21d">
         <name>GPIOPadConfigSet</name>
         <value>0x153d</value>
         <object_component_ref idref="oc-171"/>
      </symbol>
      <symbol id="sm-234">
         <name>IntRegister</name>
         <value>0x1a3d</value>
         <object_component_ref idref="oc-19d"/>
      </symbol>
      <symbol id="sm-235">
         <name>g_pfnRAMVectors</name>
         <value>0x20000000</value>
         <object_component_ref idref="oc-1ed"/>
      </symbol>
      <symbol id="sm-288">
         <name>SysCtlClockSet</name>
         <value>0x17c1</value>
         <object_component_ref idref="oc-fb"/>
      </symbol>
      <symbol id="sm-289">
         <name>SysCtlDelay</name>
         <value>0x1bdf</value>
         <object_component_ref idref="oc-f8"/>
      </symbol>
      <symbol id="sm-28a">
         <name>SysCtlPeripheralEnable</name>
         <value>0x1a71</value>
         <object_component_ref idref="oc-c3"/>
      </symbol>
      <symbol id="sm-28b">
         <name>SysCtlClockGet</name>
         <value>0x16a9</value>
         <object_component_ref idref="oc-f2"/>
      </symbol>
      <symbol id="sm-2b8">
         <name>SysTickEnable</name>
         <value>0x1b6d</value>
         <object_component_ref idref="oc-113"/>
      </symbol>
      <symbol id="sm-2b9">
         <name>SysTickIntRegister</name>
         <value>0x1b05</value>
         <object_component_ref idref="oc-107"/>
      </symbol>
      <symbol id="sm-2ba">
         <name>SysTickIntEnable</name>
         <value>0x1b81</value>
         <object_component_ref idref="oc-10d"/>
      </symbol>
      <symbol id="sm-2bb">
         <name>SysTickPeriodSet</name>
         <value>0x1ba9</value>
         <object_component_ref idref="oc-101"/>
      </symbol>
      <symbol id="sm-2cb">
         <name>__aeabi_uidivmod</name>
         <value>0x19fd</value>
         <object_component_ref idref="oc-18e"/>
      </symbol>
      <symbol id="sm-2cc">
         <name>__aeabi_uidiv</name>
         <value>0x19fd</value>
         <object_component_ref idref="oc-18e"/>
      </symbol>
      <symbol id="sm-2e0">
         <name>__TI_zero_init_nomemset</name>
         <value>0x1b21</value>
         <object_component_ref idref="oc-47"/>
      </symbol>
      <symbol id="sm-2f7">
         <name>__TI_decompress_none</name>
         <value>0x1bb9</value>
         <object_component_ref idref="oc-1b"/>
      </symbol>
      <symbol id="sm-31a">
         <name>__TI_decompress_lzss</name>
         <value>0x1951</value>
         <object_component_ref idref="oc-15"/>
      </symbol>
      <symbol id="sm-328">
         <name>strlen</name>
         <value>0x1b95</value>
         <object_component_ref idref="oc-188"/>
      </symbol>
      <symbol id="sm-33b">
         <name>__stack</name>
         <value>0x20000270</value>
         <object_component_ref idref="oc-24"/>
      </symbol>
      <symbol id="sm-33c">
         <name>_c_int00_noargs</name>
         <value>0x1aa5</value>
         <object_component_ref idref="oc-59"/>
      </symbol>
      <symbol id="sm-346">
         <name>__aeabi_idiv0</name>
         <value>0x1bed</value>
         <object_component_ref idref="oc-1e3"/>
      </symbol>
      <symbol id="sm-347">
         <name>__aeabi_ldiv0</name>
         <value>0x1bed</value>
         <object_component_ref idref="oc-1e3"/>
      </symbol>
      <symbol id="sm-362">
         <name>memcpy</name>
         <value>0x18b5</value>
         <object_component_ref idref="oc-3b"/>
      </symbol>
      <symbol id="sm-363">
         <name>__aeabi_memcpy</name>
         <value>0x18b5</value>
         <object_component_ref idref="oc-3b"/>
      </symbol>
      <symbol id="sm-364">
         <name>__aeabi_memcpy8</name>
         <value>0x18b5</value>
         <object_component_ref idref="oc-3b"/>
      </symbol>
      <symbol id="sm-365">
         <name>__aeabi_memcpy4</name>
         <value>0x18b5</value>
         <object_component_ref idref="oc-3b"/>
      </symbol>
      <symbol id="sm-38e">
         <name>__TI_auto_init_nobinit_nopinit</name>
         <value>0x19b9</value>
         <object_component_ref idref="oc-12b"/>
      </symbol>
      <symbol id="sm-398">
         <name>_system_pre_init</name>
         <value>0x1be5</value>
         <object_component_ref idref="oc-95"/>
      </symbol>
      <symbol id="sm-3a4">
         <name>C$$EXIT</name>
         <value>0x1be9</value>
         <object_component_ref idref="oc-11f"/>
      </symbol>
      <symbol id="sm-3a5">
         <name>abort</name>
         <value>0x1be9</value>
         <object_component_ref idref="oc-11f"/>
      </symbol>
      <symbol id="sm-3a8">
         <name>__TI_static_base__</name>
         <value>0x0</value>
      </symbol>
      <symbol id="sm-3ab">
         <name>__mpu_init</name>
         <value>0x0</value>
      </symbol>
      <symbol id="sm-3ac">
         <name>_system_post_cinit</name>
         <value>0x0</value>
      </symbol>
   </symbol_table>
   <title>Link successful</title>
</link_info>
